Component: ARM Compiler 5.06 update 6 (build 750) Tool: armlink [4d35ed]

==============================================================================

Section Cross References

    stm32f4xx_hal_can.o(i.CAN_Receive_IT) refers to bsp_can.o(i.HAL_CAN_RxCpltCallback) for HAL_CAN_RxCpltCallback
    stm32f4xx_hal_can.o(i.CAN_Transmit_IT) refers to stm32f4xx_hal_can.o(i.HAL_CAN_TxCpltCallback) for HAL_CAN_TxCpltCallback
    stm32f4xx_hal_can.o(i.HAL_CAN_DeInit) refers to can.o(i.HAL_CAN_MspDeInit) for HAL_CAN_MspDeInit
    stm32f4xx_hal_can.o(i.HAL_CAN_IRQHandler) refers to stm32f4xx_hal_can.o(i.CAN_Transmit_IT) for CAN_Transmit_IT
    stm32f4xx_hal_can.o(i.HAL_CAN_IRQHandler) refers to stm32f4xx_hal_can.o(i.CAN_Receive_IT) for CAN_Receive_IT
    stm32f4xx_hal_can.o(i.HAL_CAN_IRQHandler) refers to stm32f4xx_hal_can.o(i.HAL_CAN_ErrorCallback) for HAL_CAN_ErrorCallback
    stm32f4xx_hal_can.o(i.HAL_CAN_Init) refers to can.o(i.HAL_CAN_MspInit) for HAL_CAN_MspInit
    stm32f4xx_hal_can.o(i.HAL_CAN_Init) refers to stm32f4xx_hal.o(i.HAL_GetTick) for HAL_GetTick
    stm32f4xx_hal_can.o(i.HAL_CAN_Receive) refers to stm32f4xx_hal.o(i.HAL_GetTick) for HAL_GetTick
    stm32f4xx_hal_can.o(i.HAL_CAN_Sleep) refers to stm32f4xx_hal.o(i.HAL_GetTick) for HAL_GetTick
    stm32f4xx_hal_can.o(i.HAL_CAN_Transmit) refers to stm32f4xx_hal.o(i.HAL_GetTick) for HAL_GetTick
    stm32f4xx_hal_can.o(i.HAL_CAN_WakeUp) refers to stm32f4xx_hal.o(i.HAL_GetTick) for HAL_GetTick
    stm32f4xx_hal_gpio.o(i.HAL_GPIO_EXTI_IRQHandler) refers to stm32f4xx_hal_gpio.o(i.HAL_GPIO_EXTI_Callback) for HAL_GPIO_EXTI_Callback
    stm32f4xx_hal_flash.o(i.FLASH_SetErrorCode) refers to stm32f4xx_hal_flash.o(.bss) for .bss
    stm32f4xx_hal_flash.o(i.FLASH_WaitForLastOperation) refers to stm32f4xx_hal.o(i.HAL_GetTick) for HAL_GetTick
    stm32f4xx_hal_flash.o(i.FLASH_WaitForLastOperation) refers to stm32f4xx_hal_flash.o(i.FLASH_SetErrorCode) for FLASH_SetErrorCode
    stm32f4xx_hal_flash.o(i.FLASH_WaitForLastOperation) refers to stm32f4xx_hal_flash.o(.bss) for .bss
    stm32f4xx_hal_flash.o(i.HAL_FLASH_GetError) refers to stm32f4xx_hal_flash.o(.bss) for .bss
    stm32f4xx_hal_flash.o(i.HAL_FLASH_IRQHandler) refers to stm32f4xx_hal_flash.o(i.FLASH_SetErrorCode) for FLASH_SetErrorCode
    stm32f4xx_hal_flash.o(i.HAL_FLASH_IRQHandler) refers to stm32f4xx_hal_flash.o(i.HAL_FLASH_OperationErrorCallback) for HAL_FLASH_OperationErrorCallback
    stm32f4xx_hal_flash.o(i.HAL_FLASH_IRQHandler) refers to stm32f4xx_hal_flash.o(i.HAL_FLASH_EndOfOperationCallback) for HAL_FLASH_EndOfOperationCallback
    stm32f4xx_hal_flash.o(i.HAL_FLASH_IRQHandler) refers to stm32f4xx_hal_flash_ex.o(i.FLASH_Erase_Sector) for FLASH_Erase_Sector
    stm32f4xx_hal_flash.o(i.HAL_FLASH_IRQHandler) refers to stm32f4xx_hal_flash_ex.o(i.FLASH_FlushCaches) for FLASH_FlushCaches
    stm32f4xx_hal_flash.o(i.HAL_FLASH_IRQHandler) refers to stm32f4xx_hal_flash.o(.bss) for .bss
    stm32f4xx_hal_flash.o(i.HAL_FLASH_OB_Launch) refers to stm32f4xx_hal_flash.o(i.FLASH_WaitForLastOperation) for FLASH_WaitForLastOperation
    stm32f4xx_hal_flash.o(i.HAL_FLASH_Program) refers to stm32f4xx_hal_flash.o(i.FLASH_WaitForLastOperation) for FLASH_WaitForLastOperation
    stm32f4xx_hal_flash.o(i.HAL_FLASH_Program) refers to stm32f4xx_hal_flash.o(i.FLASH_Program_DoubleWord) for FLASH_Program_DoubleWord
    stm32f4xx_hal_flash.o(i.HAL_FLASH_Program) refers to stm32f4xx_hal_flash.o(i.FLASH_Program_Byte) for FLASH_Program_Byte
    stm32f4xx_hal_flash.o(i.HAL_FLASH_Program) refers to stm32f4xx_hal_flash.o(i.FLASH_Program_HalfWord) for FLASH_Program_HalfWord
    stm32f4xx_hal_flash.o(i.HAL_FLASH_Program) refers to stm32f4xx_hal_flash.o(i.FLASH_Program_Word) for FLASH_Program_Word
    stm32f4xx_hal_flash.o(i.HAL_FLASH_Program) refers to stm32f4xx_hal_flash.o(.bss) for .bss
    stm32f4xx_hal_flash.o(i.HAL_FLASH_Program_IT) refers to stm32f4xx_hal_flash.o(i.FLASH_Program_DoubleWord) for FLASH_Program_DoubleWord
    stm32f4xx_hal_flash.o(i.HAL_FLASH_Program_IT) refers to stm32f4xx_hal_flash.o(i.FLASH_Program_Byte) for FLASH_Program_Byte
    stm32f4xx_hal_flash.o(i.HAL_FLASH_Program_IT) refers to stm32f4xx_hal_flash.o(i.FLASH_Program_HalfWord) for FLASH_Program_HalfWord
    stm32f4xx_hal_flash.o(i.HAL_FLASH_Program_IT) refers to stm32f4xx_hal_flash.o(i.FLASH_Program_Word) for FLASH_Program_Word
    stm32f4xx_hal_flash.o(i.HAL_FLASH_Program_IT) refers to stm32f4xx_hal_flash.o(.bss) for .bss
    stm32f4xx_hal_flash_ex.o(i.FLASH_OB_DisableWRP) refers to stm32f4xx_hal_flash.o(i.FLASH_WaitForLastOperation) for FLASH_WaitForLastOperation
    stm32f4xx_hal_flash_ex.o(i.FLASH_OB_EnableWRP) refers to stm32f4xx_hal_flash.o(i.FLASH_WaitForLastOperation) for FLASH_WaitForLastOperation
    stm32f4xx_hal_flash_ex.o(i.HAL_FLASHEx_AdvOBProgram) refers to stm32f4xx_hal_flash.o(i.FLASH_WaitForLastOperation) for FLASH_WaitForLastOperation
[...]
    Removing stm32f4xx_hal_tim.o(i.TIM_DMAError), (16 bytes).
    Removing stm32f4xx_hal_tim.o(i.TIM_DMAPeriodElapsedCplt), (16 bytes).
    Removing stm32f4xx_hal_tim.o(i.TIM_DMATriggerCplt), (16 bytes).
    Removing stm32f4xx_hal_tim.o(i.TIM_ETR_SetConfig), (20 bytes).
    Removing stm32f4xx_hal_tim.o(i.TIM_ITRx_SetConfig), (16 bytes).
    Removing stm32f4xx_hal_tim.o(i.TIM_OC1_SetConfig), (88 bytes).
    Removing stm32f4xx_hal_tim.o(i.TIM_OC2_SetConfig), (100 bytes).
    Removing stm32f4xx_hal_tim.o(i.TIM_OC3_SetConfig), (96 bytes).
    Removing stm32f4xx_hal_tim.o(i.TIM_OC4_SetConfig), (80 bytes).
    Removing stm32f4xx_hal_tim.o(i.TIM_SlaveTimer_SetConfig), (124 bytes).
    Removing stm32f4xx_hal_tim.o(i.TIM_TI1_ConfigInputStage), (34 bytes).
    Removing stm32f4xx_hal_tim.o(i.TIM_TI1_SetConfig), (132 bytes).
    Removing stm32f4xx_hal_tim.o(i.TIM_TI2_ConfigInputStage), (36 bytes).
    Removing stm32f4xx_hal_tim.o(i.TIM_TI2_SetConfig), (54 bytes).
    Removing stm32f4xx_hal_dma_ex.o(.rev16_text), (4 bytes).
    Removing stm32f4xx_hal_dma_ex.o(.revsh_text), (4 bytes).
    Removing stm32f4xx_hal_dma_ex.o(.rrx_text), (6 bytes).
    Removing stm32f4xx_hal_dma_ex.o(i.DMA_MultiBufferSetConfig), (30 bytes).
    Removing stm32f4xx_hal_dma_ex.o(i.HAL_DMAEx_ChangeMemory), (14 bytes).
    Removing stm32f4xx_hal_dma_ex.o(i.HAL_DMAEx_MultiBufferStart), (100 bytes).
    Removing stm32f4xx_hal_dma_ex.o(i.HAL_DMAEx_MultiBufferStart_IT), (2452 bytes).
    Removing stm32f4xx_hal_dma.o(.rev16_text), (4 bytes).
    Removing stm32f4xx_hal_dma.o(.revsh_text), (4 bytes).
    Removing stm32f4xx_hal_dma.o(.rrx_text), (6 bytes).
    Removing stm32f4xx_hal_dma.o(i.DMA_SetConfig), (40 bytes).
    Removing stm32f4xx_hal_dma.o(i.HAL_DMA_Abort), (142 bytes).
    Removing stm32f4xx_hal_dma.o(i.HAL_DMA_DeInit), (86 bytes).
    Removing stm32f4xx_hal_dma.o(i.HAL_DMA_GetError), (4 bytes).
    Removing stm32f4xx_hal_dma.o(i.HAL_DMA_GetState), (6 bytes).
    Removing stm32f4xx_hal_dma.o(i.HAL_DMA_PollForTransfer), (300 bytes).
    Removing stm32f4xx_hal_dma.o(i.HAL_DMA_RegisterCallback), (80 bytes).
    Removing stm32f4xx_hal_dma.o(i.HAL_DMA_Start), (70 bytes).
    Removing stm32f4xx_hal_dma.o(i.HAL_DMA_Start_IT), (120 bytes).
    Removing stm32f4xx_hal_dma.o(i.HAL_DMA_UnRegisterCallback), (96 bytes).
    Removing stm32f4xx_hal_rcc.o(.rev16_text), (4 bytes).
    Removing stm32f4xx_hal_rcc.o(.revsh_text), (4 bytes).
    Removing stm32f4xx_hal_rcc.o(.rrx_text), (6 bytes).
    Removing stm32f4xx_hal_rcc.o(i.HAL_RCC_CSSCallback), (2 bytes).
    Removing stm32f4xx_hal_rcc.o(i.HAL_RCC_DeInit), (2 bytes).
    Removing stm32f4xx_hal_rcc.o(i.HAL_RCC_DisableCSS), (12 bytes).
    Removing stm32f4xx_hal_rcc.o(i.HAL_RCC_EnableCSS), (12 bytes).
    Removing stm32f4xx_hal_rcc.o(i.HAL_RCC_GetOscConfig), (224 bytes).
    Removing stm32f4xx_hal_rcc.o(i.HAL_RCC_MCOConfig), (140 bytes).
    Removing stm32f4xx_hal_rcc.o(i.HAL_RCC_NMI_IRQHandler), (28 bytes).
    Removing system_stm32f4xx.o(.rev16_text), (4 bytes).
    Removing system_stm32f4xx.o(.revsh_text), (4 bytes).
    Removing system_stm32f4xx.o(.rrx_text), (6 bytes).
    Removing system_stm32f4xx.o(i.SystemCoreClockUpdate), (124 bytes).
    Removing system_stm32f4xx.o(.constdata), (16 bytes).
    Removing tasks.o(i.prvAddCurrentTaskToDelayedList), (52 bytes).
    Removing tasks.o(i.prvCheckTasksWaitingTermination), (84 bytes).
    Removing tasks.o(i.prvIdleTask), (40 bytes).
    Removing tasks.o(i.prvListTaskWithinSingleList), (138 bytes).
    Removing tasks.o(i.prvTaskIsTaskSuspended), (52 bytes).
    Removing tasks.o(i.pvTaskIncrementMutexHeldCount), (24 bytes).
    Removing tasks.o(i.ulTaskNotifyTake), (156 bytes).
    Removing tasks.o(i.uxTaskGetNumberOfTasks), (12 bytes).
    Removing tasks.o(i.uxTaskGetSystemState), (148 bytes).
    Removing tasks.o(i.uxTaskGetTaskNumber), (8 bytes).
    Removing tasks.o(i.uxTaskPriorityGet), (28 bytes).
    Removing tasks.o(i.uxTaskPriorityGetFromISR), (44 bytes).
    Removing tasks.o(i.uxTaskResetEventItemValue), (24 bytes).
    Removing tasks.o(i.vTaskDelay), (104 bytes).
    Removing tasks.o(i.vTaskDelete), (164 bytes).
    Removing tasks.o(i.vTaskEndScheduler), (28 bytes).
    Removing tasks.o(i.vTaskMissedYield), (12 bytes).
    Removing tasks.o(i.vTaskNotifyGiveFromISR), (180 bytes).
    Removing tasks.o(i.vTaskPlaceOnEventList), (100 bytes).
    Removing tasks.o(i.vTaskPlaceOnUnorderedEventList), (128 bytes).
    Removing tasks.o(i.vTaskPriorityInherit), (132 bytes).
    Removing tasks.o(i.vTaskPrioritySet), (196 bytes).
    Removing tasks.o(i.vTaskResume), (128 bytes).
    Removing tasks.o(i.vTaskSetTaskNumber), (8 bytes).
    Removing tasks.o(i.vTaskSetTimeOutState), (36 bytes).
    Removing tasks.o(i.vTaskStartScheduler), (104 bytes).
    Removing tasks.o(i.vTaskSuspend), (180 bytes).
    Removing tasks.o(i.vTaskSuspendAll), (16 bytes).
    Removing tasks.o(i.xTaskCheckForTimeOut), (108 bytes).
    Removing tasks.o(i.xTaskGenericCreate), (444 bytes).
    Removing tasks.o(i.xTaskGenericNotify), (204 bytes).
    Removing tasks.o(i.xTaskGenericNotifyFromISR), (236 bytes).
    Removing tasks.o(i.xTaskGetCurrentTaskHandle), (12 bytes).
    Removing tasks.o(i.xTaskGetTickCount), (12 bytes).
    Removing tasks.o(i.xTaskGetTickCountFromISR), (16 bytes).
    Removing tasks.o(i.xTaskNotifyStateClear), (48 bytes).
    Removing tasks.o(i.xTaskNotifyWait), (184 bytes).
    Removing tasks.o(i.xTaskPriorityDisinherit), (152 bytes).
    Removing tasks.o(i.xTaskRemoveFromEventList), (116 bytes).
    Removing tasks.o(i.xTaskRemoveFromUnorderedEventList), (120 bytes).
    Removing tasks.o(i.xTaskResumeAll), (196 bytes).
    Removing tasks.o(i.xTaskResumeFromISR), (140 bytes).
    Removing queue.o(i.prvCopyDataFromQueue), (38 bytes).
    Removing queue.o(i.prvCopyDataToQueue), (110 bytes).
    Removing queue.o(i.prvUnlockQueue), (100 bytes).
    Removing queue.o(i.ucQueueGetQueueType), (6 bytes).
    Removing queue.o(i.uxQueueGetQueueNumber), (4 bytes).
    Removing queue.o(i.uxQueueMessagesWaiting), (36 bytes).
    Removing queue.o(i.uxQueueMessagesWaitingFromISR), (22 bytes).
    Removing queue.o(i.uxQueueSpacesAvailable), (40 bytes).
    Removing queue.o(i.vQueueAddToRegistry), (40 bytes).
    Removing queue.o(i.vQueueDelete), (36 bytes).
    Removing queue.o(i.vQueueSetQueueNumber), (4 bytes).
    Removing queue.o(i.vQueueUnregisterQueue), (36 bytes).
    Removing queue.o(i.xQueueCreateMutex), (74 bytes).
    Removing queue.o(i.xQueueGenericCreate), (100 bytes).
    Removing queue.o(i.xQueueGenericReceive), (364 bytes).
    Removing queue.o(i.xQueueGenericReset), (132 bytes).
    Removing queue.o(i.xQueueGenericSend), (352 bytes).
    Removing queue.o(i.xQueueGenericSendFromISR), (182 bytes).
    Removing queue.o(i.xQueueGiveFromISR), (156 bytes).
    Removing queue.o(i.xQueueIsQueueEmptyFromISR), (30 bytes).
    Removing queue.o(i.xQueueIsQueueFullFromISR), (34 bytes).
    Removing queue.o(i.xQueuePeekFromISR), (116 bytes).
    Removing queue.o(i.xQueueReceiveFromISR), (142 bytes).
    Removing queue.o(.bss), (64 bytes).
    Removing list.o(i.vListInitialise), (22 bytes).
    Removing list.o(i.vListInitialiseItem), (6 bytes).
    Removing list.o(i.vListInsert), (48 bytes).
    Removing cmsis_os.o(.rev16_text), (4 bytes).
    Removing cmsis_os.o(.revsh_text), (4 bytes).
    Removing cmsis_os.o(i.inHandlerMode), (12 bytes).
    Removing cmsis_os.o(i.makeCmsisPriority), (14 bytes).
    Removing cmsis_os.o(i.makeFreeRtosPriority), (12 bytes).
    Removing cmsis_os.o(i.osDelay), (14 bytes).
    Removing cmsis_os.o(i.osDelayUntil), (4 bytes).
    Removing cmsis_os.o(i.osKernelRunning), (18 bytes).
    Removing cmsis_os.o(i.osKernelStart), (10 bytes).
    Removing cmsis_os.o(i.osKernelSysTick), (24 bytes).
    Removing cmsis_os.o(i.osMailAlloc), (12 bytes).
    Removing cmsis_os.o(i.osMailCAlloc), (24 bytes).
    Removing cmsis_os.o(i.osMailCreate), (92 bytes).
    Removing cmsis_os.o(i.osMailFree), (12 bytes).
    Removing cmsis_os.o(i.osMailGet), (148 bytes).
    Removing cmsis_os.o(i.osMailPut), (92 bytes).
    Removing cmsis_os.o(i.osMessageCreate), (8 bytes).
    Removing cmsis_os.o(i.osMessageGet), (152 bytes).
    Removing cmsis_os.o(i.osMessagePeek), (78 bytes).
    Removing cmsis_os.o(i.osMessagePut), (92 bytes).
    Removing cmsis_os.o(i.osMutexCreate), (6 bytes).
    Removing cmsis_os.o(i.osMutexDelete), (24 bytes).
    Removing cmsis_os.o(i.osMutexRelease), (80 bytes).
    Removing cmsis_os.o(i.osMutexWait), (104 bytes).
    Removing cmsis_os.o(i.osPoolAlloc), (106 bytes).
    Removing cmsis_os.o(i.osPoolCAlloc), (16 bytes).
    Removing cmsis_os.o(i.osPoolCreate), (94 bytes).
    Removing cmsis_os.o(i.osPoolFree), (48 bytes).
    Removing cmsis_os.o(i.osRecursiveMutexCreate), (4 bytes).
    Removing cmsis_os.o(i.osRecursiveMutexRelease), (4 bytes).
    Removing cmsis_os.o(i.osRecursiveMutexWait), (4 bytes).
    Removing cmsis_os.o(i.osSemaphoreCreate), (38 bytes).
    Removing cmsis_os.o(i.osSemaphoreDelete), (24 bytes).
    Removing cmsis_os.o(i.osSemaphoreRelease), (80 bytes).
    Removing cmsis_os.o(i.osSemaphoreWait), (104 bytes).
    Removing cmsis_os.o(i.osSignalSet), (88 bytes).
    Removing cmsis_os.o(i.osSignalWait), (86 bytes).
    Removing cmsis_os.o(i.osThreadCreate), (56 bytes).
    Removing cmsis_os.o(i.osThreadGetId), (4 bytes).
    Removing cmsis_os.o(i.osThreadGetPriority), (32 bytes).
    Removing cmsis_os.o(i.osThreadList), (4 bytes).
    Removing cmsis_os.o(i.osThreadResume), (52 bytes).
    Removing cmsis_os.o(i.osThreadResumeAll), (18 bytes).
    Removing cmsis_os.o(i.osThreadSetPriority), (22 bytes).
    Removing cmsis_os.o(i.osThreadSuspend), (10 bytes).
    Removing cmsis_os.o(i.osThreadSuspendAll), (10 bytes).
    Removing cmsis_os.o(i.osThreadTerminate), (10 bytes).
    Removing cmsis_os.o(i.osThreadYield), (24 bytes).
    Removing cmsis_os.o(i.osTimerCreate), (4 bytes).
    Removing cmsis_os.o(i.osTimerDelete), (4 bytes).
    Removing cmsis_os.o(i.osTimerStart), (4 bytes).
    Removing cmsis_os.o(i.osTimerStop), (4 bytes).
    Removing event_groups.o(i.prvTestWaitCondition), (20 bytes).
    Removing event_groups.o(i.uxEventGroupGetNumber), (8 bytes).
    Removing event_groups.o(i.vEventGroupClearBitsCallback), (4 bytes).
    Removing event_groups.o(i.vEventGroupDelete), (70 bytes).
    Removing event_groups.o(i.vEventGroupSetBitsCallback), (4 bytes).
    Removing event_groups.o(i.xEventGroupClearBits), (64 bytes).
    Removing event_groups.o(i.xEventGroupCreate), (26 bytes).
    Removing event_groups.o(i.xEventGroupGetBitsFromISR), (26 bytes).
    Removing event_groups.o(i.xEventGroupSetBits), (140 bytes).
    Removing event_groups.o(i.xEventGroupSync), (204 bytes).
    Removing event_groups.o(i.xEventGroupWaitBits), (264 bytes).
    Removing port.o(i.prvTaskExitError), (40 bytes).
    Removing port.o(i.pxPortInitialiseStack), (40 bytes).
    Removing port.o(i.vPortEndScheduler), (32 bytes).
    Removing port.o(i.vPortEnterCritical), (64 bytes).
    Removing port.o(i.vPortExitCritical), (40 bytes).
    Removing port.o(i.vPortSetupTimerInterrupt), (32 bytes).
    Removing port.o(i.vPortValidateInterruptPriority), (84 bytes).
    Removing port.o(i.xPortStartScheduler), (224 bytes).
    Removing port.o(.data), (12 bytes).
    Removing heap_4.o(i.prvHeapInit), (76 bytes).
    Removing heap_4.o(i.prvInsertBlockIntoFreeList), (76 bytes).
    Removing heap_4.o(i.pvPortMalloc), (216 bytes).
    Removing heap_4.o(i.vPortFree), (92 bytes).
    Removing heap_4.o(i.vPortInitialiseBlocks), (2 bytes).
    Removing heap_4.o(i.xPortGetFreeHeapSize), (12 bytes).
    Removing heap_4.o(i.xPortGetMinimumEverFreeHeapSize), (12 bytes).
    Removing heap_4.o(.bss), (15360 bytes).
    Removing heap_4.o(.data), (24 bytes).
    Removing startup_stm32f427xx.o(HEAP), (512 bytes).
    Removing main.o(.rev16_text), (4 bytes).
    Removing main.o(.revsh_text), (4 bytes).
    Removing main.o(.rrx_text), (6 bytes).
    Removing tim.o(.rev16_text), (4 bytes).
    Removing tim.o(.revsh_text), (4 bytes).
    Removing tim.o(.rrx_text), (6 bytes).
    Removing tim.o(i.HAL_TIM_MspPostInit), (264 bytes).
    Removing tim.o(i.HAL_TIM_PWM_MspDeInit), (112 bytes).
    Removing tim.o(i.HAL_TIM_PWM_MspInit), (156 bytes).
    Removing tim.o(i.MX_TIM12_Init), (100 bytes).
    Removing tim.o(i.MX_TIM2_Init), (140 bytes).
    Removing tim.o(i.MX_TIM3_Init), (112 bytes).
    Removing tim.o(i.MX_TIM4_Init), (140 bytes).
    Removing tim.o(i.MX_TIM5_Init), (152 bytes).
    Removing tim.o(i.MX_TIM8_Init), (180 bytes).
    Removing tim.o(.bss), (360 bytes).
    Removing stm32f4xx_hal_msp.o(.rev16_text), (4 bytes).
    Removing stm32f4xx_hal_msp.o(.revsh_text), (4 bytes).
    Removing stm32f4xx_hal_msp.o(.rrx_text), (6 bytes).
    Removing dma.o(.rev16_text), (4 bytes).
    Removing dma.o(.revsh_text), (4 bytes).
    Removing dma.o(.rrx_text), (6 bytes).
    Removing dma.o(i.MX_DMA_Init), (108 bytes).
    Removing stm32f4xx_hal_timebase_tim.o(.rev16_text), (4 bytes).
    Removing stm32f4xx_hal_timebase_tim.o(.revsh_text), (4 bytes).
    Removing stm32f4xx_hal_timebase_tim.o(.rrx_text), (6 bytes).
    Removing stm32f4xx_hal_timebase_tim.o(i.HAL_ResumeTick), (20 bytes).
    Removing stm32f4xx_hal_timebase_tim.o(i.HAL_SuspendTick), (20 bytes).
    Removing stm32f4xx_hal_timebase_tim.o(.data), (4 bytes).
    Removing gpio.o(.rev16_text), (4 bytes).
    Removing gpio.o(.revsh_text), (4 bytes).
    Removing gpio.o(.rrx_text), (6 bytes).
    Removing spi.o(.rev16_text), (4 bytes).
    Removing spi.o(.revsh_text), (4 bytes).
    Removing spi.o(.rrx_text), (6 bytes).
    Removing spi.o(i.HAL_SPI_MspDeInit), (44 bytes).
    Removing spi.o(i.HAL_SPI_MspInit), (76 bytes).
    Removing spi.o(i.MX_SPI5_Init), (72 bytes).
    Removing spi.o(.bss), (88 bytes).
    Removing stm32f4xx_it.o(.rev16_text), (4 bytes).
    Removing stm32f4xx_it.o(.revsh_text), (4 bytes).
    Removing stm32f4xx_it.o(.rrx_text), (6 bytes).
    Removing can.o(.rev16_text), (4 bytes).
    Removing can.o(.revsh_text), (4 bytes).
    Removing can.o(.rrx_text), (6 bytes).
    Removing can.o(i.HAL_CAN_MspDeInit), (128 bytes).
    Removing can.o(i.MX_CAN2_Init), (72 bytes).
    Removing usart.o(.rev16_text), (4 bytes).
    Removing usart.o(.revsh_text), (4 bytes).
    Removing usart.o(.rrx_text), (6 bytes).
    Removing usart.o(i.HAL_UART_MspDeInit), (188 bytes).
    Removing usart.o(i.MX_USART1_UART_Init), (64 bytes).
    Removing usart.o(i.MX_USART2_UART_Init), (56 bytes).
    Removing usart.o(i.MX_USART3_UART_Init), (56 bytes).
    Removing bsp_can.o(.rev16_text), (4 bytes).
    Removing bsp_can.o(.revsh_text), (4 bytes).
    Removing bsp_can.o(.rrx_text), (6 bytes).
    Removing bsp_can.o(i.can_filter_recv_special), (52 bytes).
    Removing bsp_can.o(i.can_send_msg), (4 bytes).
    Removing bsp_can.o(i.get_total_angle), (58 bytes).
    Removing bsp_can.o(.data), (4 bytes).
    Removing pid.o(.rev16_text), (4 bytes).
    Removing pid.o(.revsh_text), (4 bytes).
    Removing pid.o(.rrx_text), (6 bytes).
    Removing pid.o(i.pid_sp_calc), (240 bytes).
    Removing pid.o(i.pid_test_init), (2 bytes).
    Removing pid.o(.bss), (108 bytes).
    Removing pid.o(.bss), (108 bytes).
    Removing serial.o(.rev16_text), (4 bytes).
    Removing serial.o(.revsh_text), (4 bytes).
    Removing serial.o(.rrx_text), (6 bytes).

611 unused section(s) (total 56494 bytes) removed from the image.

==============================================================================

Image Symbol Table

    Local Symbols

    Symbol Name                              Value     Ov Type        Size  Object(Section)

    ../Drivers/CMSIS//Device/ST/STM32F4xx/Source/Templates/system_stm32f4xx.c 0x00000000   Number         0  system_stm32f4xx.o ABSOLUTE
    ../Drivers/STM32F4xx_HAL_Driver/Src/stm32f4xx_hal.c 0x00000000   Number         0  stm32f4xx_hal.o ABSOLUTE
    ../Drivers/STM32F4xx_HAL_Driver/Src/stm32f4xx_hal_can.c 0x00000000   Number         0  stm32f4xx_hal_can.o ABSOLUTE
    ../Drivers/STM32F4xx_HAL_Driver/Src/stm32f4xx_hal_cortex.c 0x00000000   Number         0  stm32f4xx_hal_cortex.o ABSOLUTE
    ../Drivers/STM32F4xx_HAL_Driver/Src/stm32f4xx_hal_dma.c 0x00000000   Number         0  stm32f4xx_hal_dma.o ABSOLUTE
    ../Drivers/STM32F4xx_HAL_Driver/Src/stm32f4xx_hal_dma_ex.c 0x00000000   Number         0  stm32f4xx_hal_dma_ex.o ABSOLUTE
    ../Drivers/STM32F4xx_HAL_Driver/Src/stm32f4xx_hal_flash.c 0x00000000   Number         0  stm32f4xx_hal_flash.o ABSOLUTE
    ../Drivers/STM32F4xx_HAL_Driver/Src/stm32f4xx_hal_flash_ex.c 0x00000000   Number         0  stm32f4xx_hal_flash_ex.o ABSOLUTE
    ../Drivers/STM32F4xx_HAL_Driver/Src/stm32f4xx_hal_flash_ramfunc.c 0x00000000   Number         0  stm32f4xx_hal_flash_ramfunc.o ABSOLUTE
    ../Drivers/STM32F4xx_HAL_Driver/Src/stm32f4xx_hal_gpio.c 0x00000000   Number         0  stm32f4xx_hal_gpio.o ABSOLUTE
    ../Drivers/STM32F4xx_HAL_Driver/Src/stm32f4xx_hal_pwr.c 0x00000000   Number         0  stm32f4xx_hal_pwr.o ABSOLUTE
    ../Drivers/STM32F4xx_HAL_Driver/Src/stm32f4xx_hal_pwr_ex.c 0x00000000   Number         0  stm32f4xx_hal_pwr_ex.o ABSOLUTE
    ../Drivers/STM32F4xx_HAL_Driver/Src/stm32f4xx_hal_rcc.c 0x00000000   Number         0  stm32f4xx_hal_rcc.o ABSOLUTE
    ../Drivers/STM32F4xx_HAL_Driver/Src/stm32f4xx_hal_rcc_ex.c 0x00000000   Number         0  stm32f4xx_hal_rcc_ex.o ABSOLUTE
    ../Drivers/STM32F4xx_HAL_Driver/Src/stm32f4xx_hal_spi.c 0x00000000   Number         0  stm32f4xx_hal_spi.o ABSOLUTE
    ../Drivers/STM32F4xx_HAL_Driver/Src/stm32f4xx_hal_tim.c 0x00000000   Number         0  stm32f4xx_hal_tim.o ABSOLUTE
    ../Drivers/STM32F4xx_HAL_Driver/Src/stm32f4xx_hal_tim_ex.c 0x00000000   Number         0  stm32f4xx_hal_tim_ex.o ABSOLUTE
    ../Drivers/STM32F4xx_HAL_Driver/Src/stm32f4xx_hal_uart.c 0x00000000   Number         0  stm32f4xx_hal_uart.o ABSOLUTE
    ../Middlewares/Third_Party/FreeRTOS/Source/CMSIS_RTOS/cmsis_os.c 0x00000000   Number         0  cmsis_os.o ABSOLUTE
    ../Middlewares/Third_Party/FreeRTOS/Source/croutine.c 0x00000000   Number         0  croutine.o ABSOLUTE
    ../Middlewares/Third_Party/FreeRTOS/Source/event_groups.c 0x00000000   Number         0  event_groups.o ABSOLUTE
    ../Middlewares/Third_Party/FreeRTOS/Source/list.c 0x00000000   Number         0  list.o ABSOLUTE
    ../Middlewares/Third_Party/FreeRTOS/Source/portable/MemMang/heap_4.c 0x00000000   Number         0  heap_4.o ABSOLUTE
    ../Middlewares/Third_Party/FreeRTOS/Source/portable/RVDS/ARM_CM4F/port.c 0x00000000   Number         0  port.o ABSOLUTE
    ../Middlewares/Third_Party/FreeRTOS/Source/queue.c 0x00000000   Number         0  queue.o ABSOLUTE
    ../Middlewares/Third_Party/FreeRTOS/Source/tasks.c 0x00000000   Number         0  tasks.o ABSOLUTE
    ../Middlewares/Third_Party/FreeRTOS/Source/timers.c 0x00000000   Number         0  timers.o ABSOLUTE
    ../Src/can.c                             0x00000000   Number         0  can.o ABSOLUTE
    ../Src/dma.c                             0x00000000   Number         0  dma.o ABSOLUTE
    ../Src/gpio.c                            0x00000000   Number         0  gpio.o ABSOLUTE
    ../Src/main.c                            0x00000000   Number         0  main.o ABSOLUTE
    ../Src/spi.c                             0x00000000   Number         0  spi.o ABSOLUTE
    ../Src/stm32f4xx_hal_msp.c               0x00000000   Number         0  stm32f4xx_hal_msp.o ABSOLUTE
    ../Src/stm32f4xx_hal_timebase_TIM.c      0x00000000   Number         0  stm32f4xx_hal_timebase_tim.o ABSOLUTE
    ../Src/stm32f4xx_it.c                    0x00000000   Number         0  stm32f4xx_it.o ABSOLUTE
    ../Src/tim.c                             0x00000000   Number         0  tim.o ABSOLUTE
    ../clib/microlib/init/entry.s            0x00000000   Number         0  entry.o ABSOLUTE
    ../clib/microlib/init/entry.s            0x00000000   Number         0  entry11b.o ABSOLUTE
    ../clib/microlib/init/entry.s            0x00000000   Number         0  entry11a.o ABSOLUTE
    ../clib/microlib/init/entry.s            0x00000000   Number         0  entry10b.o ABSOLUTE
    ../clib/microlib/init/entry.s            0x00000000   Number         0  entry10a.o ABSOLUTE
    ../clib/microlib/init/entry.s            0x00000000   Number         0  entry9b.o ABSOLUTE
    ../clib/microlib/init/entry.s            0x00000000   Number         0  entry9a.o ABSOLUTE
    ../clib/microlib/init/entry.s            0x00000000   Number         0  entry7a.o ABSOLUTE
    ../clib/microlib/init/entry.s            0x00000000   Number         0  entry8a.o ABSOLUTE
    ../clib/microlib/init/entry.s            0x00000000   Number         0  entry7b.o ABSOLUTE
    ../clib/microlib/init/entry.s            0x00000000   Number         0  entry8b.o ABSOLUTE
    ../clib/microlib/init/entry.s            0x00000000   Number         0  entry5.o ABSOLUTE
    ../clib/microlib/init/entry.s            0x00000000   Number         0  entry2.o ABSOLUTE
    ../clib/microlib/string/memcpy.c         0x00000000   Number         0  memcpyb.o ABSOLUTE
    ../clib/microlib/string/memcpy.c         0x00000000   Number         0  memcpya.o ABSOLUTE
    ../clib/microlib/string/memset.c         0x00000000   Number         0  memseta.o ABSOLUTE
    ..\Drivers\CMSIS\\Device\ST\STM32F4xx\Source\Templates\system_stm32f4xx.c 0x00000000   Number         0  system_stm32f4xx.o ABSOLUTE
    ..\Drivers\STM32F4xx_HAL_Driver\Src\stm32f4xx_hal.c 0x00000000   Number         0  stm32f4xx_hal.o ABSOLUTE
    ..\Drivers\STM32F4xx_HAL_Driver\Src\stm32f4xx_hal_can.c 0x00000000   Number         0  stm32f4xx_hal_can.o ABSOLUTE
    ..\Drivers\STM32F4xx_HAL_Driver\Src\stm32f4xx_hal_cortex.c 0x00000000   Number         0  stm32f4xx_hal_cortex.o ABSOLUTE
    ..\Drivers\STM32F4xx_HAL_Driver\Src\stm32f4xx_hal_dma.c 0x00000000   Number         0  stm32f4xx_hal_dma.o ABSOLUTE
    ..\Drivers\STM32F4xx_HAL_Driver\Src\stm32f4xx_hal_dma_ex.c 0x00000000   Number         0  stm32f4xx_hal_dma_ex.o ABSOLUTE
    ..\Drivers\STM32F4xx_HAL_Driver\Src\stm32f4xx_hal_flash.c 0x00000000   Number         0  stm32f4xx_hal_flash.o ABSOLUTE
    ..\Drivers\STM32F4xx_HAL_Driver\Src\stm32f4xx_hal_flash_ex.c 0x00000000   Number         0  stm32f4xx_hal_flash_ex.o ABSOLUTE
    ..\Drivers\STM32F4xx_HAL_Driver\Src\stm32f4xx_hal_flash_ramfunc.c 0x00000000   Number         0  stm32f4xx_hal_flash_ramfunc.o ABSOLUTE
    ..\Drivers\STM32F4xx_HAL_Driver\Src\stm32f4xx_hal_gpio.c 0x00000000   Number         0  stm32f4xx_hal_gpio.o ABSOLUTE
    ..\Drivers\STM32F4xx_HAL_Driver\Src\stm32f4xx_hal_pwr.c 0x00000000   Number         0  stm32f4xx_hal_pwr.o ABSOLUTE
    ..\Drivers\STM32F4xx_HAL_Driver\Src\stm32f4xx_hal_pwr_ex.c 0x00000000   Number         0  stm32f4xx_hal_pwr_ex.o ABSOLUTE
    ..\Drivers\STM32F4xx_HAL_Driver\Src\stm32f4xx_hal_rcc.c 0x00000000   Number         0  stm32f4xx_hal_rcc.o ABSOLUTE
    ..\Drivers\STM32F4xx_HAL_Driver\Src\stm32f4xx_hal_rcc_ex.c 0x00000000   Number         0  stm32f4xx_hal_rcc_ex.o ABSOLUTE
    ..\Drivers\STM32F4xx_HAL_Driver\Src\stm32f4xx_hal_spi.c 0x00000000   Number         0  stm32f4xx_hal_spi.o ABSOLUTE
    ..\Drivers\STM32F4xx_HAL_Driver\Src\stm32f4xx_hal_tim.c 0x00000000   Number         0  stm32f4xx_hal_tim.o ABSOLUTE
    ..\Drivers\STM32F4xx_HAL_Driver\Src\stm32f4xx_hal_tim_ex.c 0x00000000   Number         0  stm32f4xx_hal_tim_ex.o ABSOLUTE
    ..\Drivers\STM32F4xx_HAL_Driver\Src\stm32f4xx_hal_uart.c 0x00000000   Number         0  stm32f4xx_hal_uart.o ABSOLUTE
    ..\Middlewares\Third_Party\FreeRTOS\Source\CMSIS_RTOS\cmsis_os.c 0x00000000   Number         0  cmsis_os.o ABSOLUTE
    ..\Middlewares\Third_Party\FreeRTOS\Source\portable\RVDS\ARM_CM4F\port.c 0x00000000   Number         0  port.o ABSOLUTE
    ..\Src\can.c                             0x00000000   Number         0  can.o ABSOLUTE
    ..\Src\dma.c                             0x00000000   Number         0  dma.o ABSOLUTE
    ..\Src\gpio.c                            0x00000000   Number         0  gpio.o ABSOLUTE
    ..\Src\main.c                            0x00000000   Number         0  main.o ABSOLUTE
    ..\Src\spi.c                             0x00000000   Number         0  spi.o ABSOLUTE
    ..\Src\stm32f4xx_hal_msp.c               0x00000000   Number         0  stm32f4xx_hal_msp.o ABSOLUTE
    ..\Src\stm32f4xx_hal_timebase_TIM.c      0x00000000   Number         0  stm32f4xx_hal_timebase_tim.o ABSOLUTE
    ..\Src\stm32f4xx_it.c                    0x00000000   Number         0  stm32f4xx_it.o ABSOLUTE
    ..\Src\tim.c                             0x00000000   Number         0  tim.o ABSOLUTE
    ..\Src\usart.c                           0x00000000   Number         0  usart.o ABSOLUTE
    ..\\Src\\usart.c                         0x00000000   Number         0  usart.o ABSOLUTE
    bsp\\bsp_can.c                           0x00000000   Number         0  bsp_can.o ABSOLUTE
    bsp\\pid.c                               0x00000000   Number         0  pid.o ABSOLUTE
    bsp\\serial.c                            0x00000000   Number         0  serial.o ABSOLUTE
    bsp\bsp_can.c                            0x00000000   Number         0  bsp_can.o ABSOLUTE
    bsp\pid.c                                0x00000000   Number         0  pid.o ABSOLUTE
    bsp\serial.c                             0x00000000   Number         0  serial.o ABSOLUTE
    dc.s                                     0x00000000   Number         0  dc.o ABSOLUTE
    handlers.s                               0x00000000   Number         0  handlers.o ABSOLUTE
    init.s                                   0x00000000   Number         0  init.o ABSOLUTE
    startup_stm32f427xx.s                    0x00000000   Number         0  startup_stm32f427xx.o ABSOLUTE
    RESET                                    0x08000000   Section      428  startup_stm32f427xx.o(RESET)
    .ARM.Collect$$$$00000000                 0x080001ac   Section        0  entry.o(.ARM.Collect$$$$00000000)
    .ARM.Collect$$$$00000001                 0x080001ac   Section        4  entry2.o(.ARM.Collect$$$$00000001)
    .ARM.Collect$$$$00000004                 0x080001b0   Section        4  entry5.o(.ARM.Collect$$$$00000004)
    .ARM.Collect$$$$00000008                 0x080001b4   Section        0  entry7b.o(.ARM.Collect$$$$00000008)
    .ARM.Collect$$$$0000000A                 0x080001b4   Section        0  entry8b.o(.ARM.Collect$$$$0000000A)
    .ARM.Collect$$$$0000000B                 0x080001b4   Section        8  entry9a.o(.ARM.Collect$$$$0000000B)
    .ARM.Collect$$$$0000000D                 0x080001bc   Section        0  entry10a.o(.ARM.Collect$$$$0000000D)
    .ARM.Collect$$$$0000000F                 0x080001bc   Section        0  entry11a.o(.ARM.Collect$$$$0000000F)
    .ARM.Collect$$$$00002712                 0x080001bc   Section        4  entry2.o(.ARM.Collect$$$$00002712)
    __lit__00000000                          0x080001bc   Data           4  entry2.o(.ARM.Collect$$$$00002712)
    .emb_text                                0x080001c0   Section      186  port.o(.emb_text)
    $v0                                      0x080001c0   Number         0  port.o(.emb_text)
    .text                                    0x0800027c   Section       36  startup_stm32f427xx.o(.text)
    $v0                                      0x0800027c   Number         0  startup_stm32f427xx.o(.text)
    .text                                    0x080002a0   Section        0  memcpya.o(.text)
    .text                                    0x080002c4   Section       36  init.o(.text)
    i.BusFault_Handler                       0x080002e8   Section        0  stm32f4xx_it.o(i.BusFault_Handler)
    i.CAN1_RX0_IRQHandler                    0x080002ec   Section        0  stm32f4xx_it.o(i.CAN1_RX0_IRQHandler)
    i.CAN1_TX_IRQHandler                     0x080002f8   Section        0  stm32f4xx_it.o(i.CAN1_TX_IRQHandler)
    i.CAN2_RX0_IRQHandler                    0x08000304   Section        0  stm32f4xx_it.o(i.CAN2_RX0_IRQHandler)
    i.CAN2_TX_IRQHandler                     0x08000310   Section        0  stm32f4xx_it.o(i.CAN2_TX_IRQHandler)
    i.CAN_Receive_IT                         0x0800031c   Section        0  stm32f4xx_hal_can.o(i.CAN_Receive_IT)
    CAN_Receive_IT                           0x0800031d   Thumb Code   296  stm32f4xx_hal_can.o(i.CAN_Receive_IT)
    i.CAN_Transmit_IT                        0x08000444   Section        0  stm32f4xx_hal_can.o(i.CAN_Transmit_IT)
    CAN_Transmit_IT                          0x08000445   Thumb Code    96  stm32f4xx_hal_can.o(i.CAN_Transmit_IT)
    i.DMA1_Stream1_IRQHandler                0x080004a4   Section        0  stm32f4xx_it.o(i.DMA1_Stream1_IRQHandler)
    i.DMA1_Stream5_IRQHandler                0x080004b0   Section        0  stm32f4xx_it.o(i.DMA1_Stream5_IRQHandler)
    i.DMA2_Stream1_IRQHandler                0x080004bc   Section        0  stm32f4xx_it.o(i.DMA2_Stream1_IRQHandler)
    i.DMA2_Stream2_IRQHandler                0x080004c8   Section        0  stm32f4xx_it.o(i.DMA2_Stream2_IRQHandler)
    i.DMA_CalcBaseAndBitshift                0x080004d4   Section        0  stm32f4xx_hal_dma.o(i.DMA_CalcBaseAndBitshift)
    DMA_CalcBaseAndBitshift                  0x080004d5   Thumb Code    34  stm32f4xx_hal_dma.o(i.DMA_CalcBaseAndBitshift)
    i.DMA_CheckFifoParam                     0x080004fc   Section        0  stm32f4xx_hal_dma.o(i.DMA_CheckFifoParam)
    DMA_CheckFifoParam                       0x080004fd   Thumb Code    84  stm32f4xx_hal_dma.o(i.DMA_CheckFifoParam)
    i.DebugMon_Handler                       0x08000550   Section        0  stm32f4xx_it.o(i.DebugMon_Handler)
    i.Error_Handler                          0x08000552   Section        0  main.o(i.Error_Handler)
    i.HAL_CAN_ConfigFilter                   0x08000554   Section        0  stm32f4xx_hal_can.o(i.HAL_CAN_ConfigFilter)
    i.HAL_CAN_ErrorCallback                  0x08000638   Section        0  stm32f4xx_hal_can.o(i.HAL_CAN_ErrorCallback)
    i.HAL_CAN_IRQHandler                     0x0800063c   Section        0  stm32f4xx_hal_can.o(i.HAL_CAN_IRQHandler)
    i.HAL_CAN_Init                           0x080007bc   Section        0  stm32f4xx_hal_can.o(i.HAL_CAN_Init)
    i.HAL_CAN_MspInit                        0x08000904   Section        0  can.o(i.HAL_CAN_MspInit)
    i.HAL_CAN_Receive_IT                     0x080009e4   Section        0  stm32f4xx_hal_can.o(i.HAL_CAN_Receive_IT)
    i.HAL_CAN_RxCpltCallback                 0x08000a6c   Section        0  bsp_can.o(i.HAL_CAN_RxCpltCallback)
    i.HAL_CAN_Transmit                       0x08000aec   Section        0  stm32f4xx_hal_can.o(i.HAL_CAN_Transmit)
    i.HAL_CAN_TxCpltCallback                 0x08000c80   Section        0  stm32f4xx_hal_can.o(i.HAL_CAN_TxCpltCallback)
    i.HAL_DMA_Abort_IT                       0x08000c82   Section        0  stm32f4xx_hal_dma.o(i.HAL_DMA_Abort_IT)
    i.HAL_DMA_IRQHandler                     0x08000ca8   Section        0  stm32f4xx_hal_dma.o(i.HAL_DMA_IRQHandler)
    i.HAL_DMA_Init                           0x08000e50   Section        0  stm32f4xx_hal_dma.o(i.HAL_DMA_Init)
    i.HAL_Delay                              0x08000f20   Section        0  stm32f4xx_hal.o(i.HAL_Delay)
    i.HAL_GPIO_Init                          0x08000f38   Section        0  stm32f4xx_hal_gpio.o(i.HAL_GPIO_Init)
    i.HAL_GPIO_WritePin                      0x08001104   Section        0  stm32f4xx_hal_gpio.o(i.HAL_GPIO_WritePin)
    i.HAL_GetTick                            0x08001110   Section        0  stm32f4xx_hal.o(i.HAL_GetTick)
    i.HAL_IncTick                            0x0800111c   Section        0  stm32f4xx_hal.o(i.HAL_IncTick)
    i.HAL_Init                               0x0800112c   Section        0  stm32f4xx_hal.o(i.HAL_Init)
    i.HAL_InitTick                           0x08001160   Section        0  stm32f4xx_hal_timebase_tim.o(i.HAL_InitTick)
    i.HAL_MspInit                            0x080011d4   Section        0  stm32f4xx_hal_msp.o(i.HAL_MspInit)
    i.HAL_NVIC_EnableIRQ                     0x0800122c   Section        0  stm32f4xx_hal_cortex.o(i.HAL_NVIC_EnableIRQ)
    i.HAL_NVIC_SetPriority                   0x08001244   Section        0  stm32f4xx_hal_cortex.o(i.HAL_NVIC_SetPriority)
    i.HAL_NVIC_SetPriorityGrouping           0x08001284   Section        0  stm32f4xx_hal_cortex.o(i.HAL_NVIC_SetPriorityGrouping)
    i.HAL_PWREx_EnableOverDrive              0x080012a8   Section        0  stm32f4xx_hal_pwr_ex.o(i.HAL_PWREx_EnableOverDrive)
    i.HAL_RCC_ClockConfig                    0x08001334   Section        0  stm32f4xx_hal_rcc.o(i.HAL_RCC_ClockConfig)
    i.HAL_RCC_GetClockConfig                 0x080014b0   Section        0  stm32f4xx_hal_rcc.o(i.HAL_RCC_GetClockConfig)
    i.HAL_RCC_GetHCLKFreq                    0x080014f0   Section        0  stm32f4xx_hal_rcc.o(i.HAL_RCC_GetHCLKFreq)
    i.HAL_RCC_GetPCLK1Freq                   0x080014fc   Section        0  stm32f4xx_hal_rcc.o(i.HAL_RCC_GetPCLK1Freq)
    i.HAL_RCC_GetPCLK2Freq                   0x0800152c   Section        0  stm32f4xx_hal_rcc.o(i.HAL_RCC_GetPCLK2Freq)
    i.HAL_RCC_GetSysClockFreq                0x0800155c   Section        0  stm32f4xx_hal_rcc.o(i.HAL_RCC_GetSysClockFreq)
    i.HAL_RCC_OscConfig                      0x080015d0   Section        0  stm32f4xx_hal_rcc.o(i.HAL_RCC_OscConfig)
    i.HAL_SYSTICK_CLKSourceConfig            0x080018b4   Section        0  stm32f4xx_hal_cortex.o(i.HAL_SYSTICK_CLKSourceConfig)
    i.HAL_SYSTICK_Config                     0x080018cc   Section        0  stm32f4xx_hal_cortex.o(i.HAL_SYSTICK_Config)
    i.HAL_TIMEx_BreakCallback                0x080018f4   Section        0  stm32f4xx_hal_tim_ex.o(i.HAL_TIMEx_BreakCallback)
    i.HAL_TIMEx_CommutationCallback          0x080018f6   Section        0  stm32f4xx_hal_tim_ex.o(i.HAL_TIMEx_CommutationCallback)
    i.HAL_TIM_Base_Init                      0x080018f8   Section        0  stm32f4xx_hal_tim.o(i.HAL_TIM_Base_Init)
    i.HAL_TIM_Base_MspInit                   0x0800192e   Section        0  stm32f4xx_hal_tim.o(i.HAL_TIM_Base_MspInit)
    i.HAL_TIM_Base_Start_IT                  0x08001930   Section        0  stm32f4xx_hal_tim.o(i.HAL_TIM_Base_Start_IT)
    i.HAL_TIM_IC_CaptureCallback             0x08001948   Section        0  stm32f4xx_hal_tim.o(i.HAL_TIM_IC_CaptureCallback)
    i.HAL_TIM_IRQHandler                     0x0800194a   Section        0  stm32f4xx_hal_tim.o(i.HAL_TIM_IRQHandler)
    i.HAL_TIM_OC_DelayElapsedCallback        0x08001ab0   Section        0  stm32f4xx_hal_tim.o(i.HAL_TIM_OC_DelayElapsedCallback)
    i.HAL_TIM_PWM_PulseFinishedCallback      0x08001ab2   Section        0  stm32f4xx_hal_tim.o(i.HAL_TIM_PWM_PulseFinishedCallback)
    i.HAL_TIM_PeriodElapsedCallback          0x08001ab4   Section        0  main.o(i.HAL_TIM_PeriodElapsedCallback)
    i.HAL_TIM_TriggerCallback                0x08001ac8   Section        0  stm32f4xx_hal_tim.o(i.HAL_TIM_TriggerCallback)
    i.HAL_UART_ErrorCallback                 0x08001aca   Section        0  stm32f4xx_hal_uart.o(i.HAL_UART_ErrorCallback)
    i.HAL_UART_IRQHandler                    0x08001acc   Section        0  stm32f4xx_hal_uart.o(i.HAL_UART_IRQHandler)
    i.HAL_UART_Init                          0x08001bdc   Section        0  stm32f4xx_hal_uart.o(i.HAL_UART_Init)
    i.HAL_UART_MspInit                       0x08001c40   Section        0  usart.o(i.HAL_UART_MspInit)
    i.HAL_UART_Receive_IT                    0x08001e9c   Section        0  stm32f4xx_hal_uart.o(i.HAL_UART_Receive_IT)
    i.HAL_UART_RxCpltCallback                0x08001ee4   Section        0  serial.o(i.HAL_UART_RxCpltCallback)
    i.HAL_UART_Transmit                      0x08001f24   Section        0  stm32f4xx_hal_uart.o(i.HAL_UART_Transmit)
    i.HAL_UART_TxCpltCallback                0x08001fde   Section        0  stm32f4xx_hal_uart.o(i.HAL_UART_TxCpltCallback)
    i.HardFault_Handler                      0x08001fe0   Section        0  stm32f4xx_it.o(i.HardFault_Handler)
    i.MX_CAN1_Init                           0x08001fe4   Section        0  can.o(i.MX_CAN1_Init)
    i.MX_GPIO_Init                           0x08002028   Section        0  gpio.o(i.MX_GPIO_Init)
    i.MX_USART6_UART_Init                    0x0800219c   Section        0  usart.o(i.MX_USART6_UART_Init)
    i.MemManage_Handler                      0x080021d4   Section        0  stm32f4xx_it.o(i.MemManage_Handler)
    i.NMI_Handler                            0x080021d6   Section        0  stm32f4xx_it.o(i.NMI_Handler)
    i.NVIC_SetPriority                       0x080021d8   Section        0  stm32f4xx_hal_cortex.o(i.NVIC_SetPriority)
    NVIC_SetPriority                         0x080021d9   Thumb Code    32  stm32f4xx_hal_cortex.o(i.NVIC_SetPriority)
    i.PID_struct_init                        0x080021f8   Section        0  pid.o(i.PID_struct_init)
    i.SysTick_Handler                        0x08002210   Section        0  stm32f4xx_it.o(i.SysTick_Handler)
    i.SystemClock_Config                     0x08002214   Section        0  main.o(i.SystemClock_Config)
    i.SystemInit                             0x080022b8   Section        0  system_stm32f4xx.o(i.SystemInit)
    i.TIM6_DAC_IRQHandler                    0x0800230c   Section        0  stm32f4xx_it.o(i.TIM6_DAC_IRQHandler)
    i.TIM_Base_SetConfig                     0x08002318   Section        0  stm32f4xx_hal_tim.o(i.TIM_Base_SetConfig)
    i.UART_DMAAbortOnError                   0x080023d8   Section        0  stm32f4xx_hal_uart.o(i.UART_DMAAbortOnError)
    UART_DMAAbortOnError                     0x080023d9   Thumb Code    16  stm32f4xx_hal_uart.o(i.UART_DMAAbortOnError)
    i.UART_EndRxTransfer                     0x080023e8   Section        0  stm32f4xx_hal_uart.o(i.UART_EndRxTransfer)
    UART_EndRxTransfer                       0x080023e9   Thumb Code    28  stm32f4xx_hal_uart.o(i.UART_EndRxTransfer)
    i.UART_Receive_IT                        0x08002404   Section        0  stm32f4xx_hal_uart.o(i.UART_Receive_IT)
    UART_Receive_IT                          0x08002405   Thumb Code   140  stm32f4xx_hal_uart.o(i.UART_Receive_IT)
    i.UART_SetConfig                         0x08002490   Section        0  stm32f4xx_hal_uart.o(i.UART_SetConfig)
    UART_SetConfig                           0x08002491   Thumb Code   676  stm32f4xx_hal_uart.o(i.UART_SetConfig)
    i.UART_Transmit_IT                       0x0800273c   Section        0  stm32f4xx_hal_uart.o(i.UART_Transmit_IT)
    UART_Transmit_IT                         0x0800273d   Thumb Code    98  stm32f4xx_hal_uart.o(i.UART_Transmit_IT)
    i.UART_WaitOnFlagUntilTimeout            0x0800279e   Section        0  stm32f4xx_hal_uart.o(i.UART_WaitOnFlagUntilTimeout)
    UART_WaitOnFlagUntilTimeout              0x0800279f   Thumb Code   100  stm32f4xx_hal_uart.o(i.UART_WaitOnFlagUntilTimeout)
    i.USART1_IRQHandler                      0x08002804   Section        0  stm32f4xx_it.o(i.USART1_IRQHandler)
    i.USART2_IRQHandler                      0x08002810   Section        0  stm32f4xx_it.o(i.USART2_IRQHandler)
    i.USART3_IRQHandler                      0x0800281c   Section        0  stm32f4xx_it.o(i.USART3_IRQHandler)
    i.USART6_IRQHandler                      0x08002828   Section        0  stm32f4xx_it.o(i.USART6_IRQHandler)
    i.UsageFault_Handler                     0x08002834   Section        0  stm32f4xx_it.o(i.UsageFault_Handler)
    i.__scatterload_copy                     0x08002836   Section       14  handlers.o(i.__scatterload_copy)
    i.__scatterload_null                     0x08002844   Section        2  handlers.o(i.__scatterload_null)
    i.__scatterload_zeroinit                 0x08002846   Section       14  handlers.o(i.__scatterload_zeroinit)
    i.abs_limit                              0x08002854   Section        0  pid.o(i.abs_limit)
    i.get_moto_measure                       0x0800287e   Section        0  bsp_can.o(i.get_moto_measure)
    i.get_moto_offset                        0x080028d2   Section        0  bsp_can.o(i.get_moto_offset)
    i.init                                   0x080028de   Section        0  main.o(i.init)
    i.main                                   0x080028f8   Section        0  main.o(i.main)
    i.my_can_filter_init_recv_all            0x08002a9c   Section        0  bsp_can.o(i.my_can_filter_init_recv_all)
    i.osSystickHandler                       0x08002afc   Section        0  cmsis_os.o(i.osSystickHandler)
    i.pid_calc                               0x08002b10   Section        0  pid.o(i.pid_calc)
    i.pid_param_init                         0x08002cd4   Section        0  pid.o(i.pid_param_init)
    pid_param_init                           0x08002cd5   Thumb Code    14  pid.o(i.pid_param_init)
    i.pid_reset                              0x08002ce2   Section        0  pid.o(i.pid_reset)
    pid_reset                                0x08002ce3   Thumb Code     6  pid.o(i.pid_reset)
    i.prvResetNextTaskUnblockTime            0x08002ce8   Section        0  tasks.o(i.prvResetNextTaskUnblockTime)
    prvResetNextTaskUnblockTime              0x08002ce9   Thumb Code    26  tasks.o(i.prvResetNextTaskUnblockTime)
    i.send                                   0x08002d08   Section        0  serial.o(i.send)
    i.set_moto_current                       0x08002e6c   Section        0  bsp_can.o(i.set_moto_current)
    i.updateRSRA                             0x08002ebc   Section        0  serial.o(i.updateRSRA)
    i.uxListRemove                           0x08002f40   Section        0  list.o(i.uxListRemove)
    i.vListInsertEnd                         0x08002f64   Section        0  list.o(i.vListInsertEnd)
    i.vTaskSwitchContext                     0x08002f7c   Section        0  tasks.o(i.vTaskSwitchContext)
    i.xPortSysTickHandler                    0x08002fd8   Section        0  port.o(i.xPortSysTickHandler)
    i.xTaskGetSchedulerState                 0x08003004   Section        0  tasks.o(i.xTaskGetSchedulerState)
    i.xTaskIncrementTick                     0x08003020   Section        0  tasks.o(i.xTaskIncrementTick)
    .constdata                               0x080030ec   Section        8  stm32f4xx_hal_dma.o(.constdata)
    flagBitshiftOffset                       0x080030ec   Data           8  stm32f4xx_hal_dma.o(.constdata)
    .constdata                               0x080030f4   Section       16  stm32f4xx_hal_rcc.o(.constdata)
    .data                                    0x20000000   Section        4  stm32f4xx_hal.o(.data)
    .data                                    0x20000004   Section        4  system_stm32f4xx.o(.data)
    .data                                    0x20000008   Section       56  tasks.o(.data)
    uxTasksDeleted                           0x2000000c   Data           4  tasks.o(.data)
    uxCurrentNumberOfTasks                   0x20000010   Data           4  tasks.o(.data)
    xTickCount                               0x20000014   Data           4  tasks.o(.data)
    uxTopReadyPriority                       0x20000018   Data           4  tasks.o(.data)
    xSchedulerRunning                        0x2000001c   Data           4  tasks.o(.data)
    uxPendedTicks                            0x20000020   Data           4  tasks.o(.data)
    xYieldPending                            0x20000024   Data           4  tasks.o(.data)
    xNumOfOverflows                          0x20000028   Data           4  tasks.o(.data)
    uxTaskNumber                             0x2000002c   Data           4  tasks.o(.data)
    xNextTaskUnblockTime                     0x20000030   Data           4  tasks.o(.data)
    uxSchedulerSuspended                     0x20000034   Data           4  tasks.o(.data)
    pxDelayedTaskList                        0x20000038   Data           4  tasks.o(.data)
    pxOverflowDelayedTaskList                0x2000003c   Data           4  tasks.o(.data)
    .data                                    0x20000040   Section       52  main.o(.data)
    rDataBuffer                              0x20000040   Data           1  main.o(.data)
    soll_left_front_rs                       0x20000064   Data           4  main.o(.data)
    soll_left_back_rs                        0x20000068   Data           4  main.o(.data)
    soll_right_front_rs                      0x2000006c   Data           4  main.o(.data)
    soll_right_back_rs                       0x20000070   Data           4  main.o(.data)
    .data                                    0x20000074   Section        4  can.o(.data)
    HAL_RCC_CAN1_CLK_ENABLED                 0x20000074   Data           4  can.o(.data)
    .data                                    0x20000078   Section        1  bsp_can.o(.data)
    i                                        0x20000078   Data           1  bsp_can.o(.data)
    .data                                    0x2000007c   Section       20  serial.o(.data)
    rDataFlag                                0x2000007c   Data           1  serial.o(.data)
    rDataBuffer                              0x2000007e   Data           1  serial.o(.data)
    soll_left_front_rs                       0x20000080   Data           4  serial.o(.data)
    soll_left_back_rs                        0x20000084   Data           4  serial.o(.data)
    soll_right_front_rs                      0x20000088   Data           4  serial.o(.data)
    soll_right_back_rs                       0x2000008c   Data           4  serial.o(.data)
    .bss                                     0x20000090   Section      240  tasks.o(.bss)
    pxReadyTasksLists                        0x20000090   Data         140  tasks.o(.bss)
    xDelayedTaskList1                        0x2000011c   Data          20  tasks.o(.bss)
    xDelayedTaskList2                        0x20000130   Data          20  tasks.o(.bss)
    xPendingReadyList                        0x20000144   Data          20  tasks.o(.bss)
    xTasksWaitingTermination                 0x20000158   Data          20  tasks.o(.bss)
    xSuspendedTaskList                       0x2000016c   Data          20  tasks.o(.bss)
    .bss                                     0x20000180   Section       16  main.o(.bss)
    .bss                                     0x20000190   Section       60  stm32f4xx_hal_timebase_tim.o(.bss)
    .bss                                     0x200001cc   Section      128  can.o(.bss)
    .bss                                     0x2000024c   Section      640  usart.o(.bss)
    .bss                                     0x200004cc   Section      348  bsp_can.o(.bss)
    Tx1Message                               0x2000057c   Data          28  bsp_can.o(.bss)
    Rx1Message                               0x20000598   Data          36  bsp_can.o(.bss)
    Tx2Message                               0x200005bc   Data          28  bsp_can.o(.bss)
    Rx2Message                               0x200005d8   Data          36  bsp_can.o(.bss)
    .bss                                     0x20000628   Section      432  pid.o(.bss)
    .bss                                     0x200007d8   Section       18  serial.o(.bss)
    STACK                                    0x200007f0   Section     1024  startup_stm32f427xx.o(STACK)

    Global Symbols

    Symbol Name                              Value     Ov Type        Size  Object(Section)

    BuildAttributes$$THM_ISAv4$E$P$D$K$B$S$7EM$VFPi3$EXTD16$VFPS$VFMA$PE$A:L22UL41UL21$X:L11$S22US41US21$IEEE1$IW$USESV6$~STKCKD$USESV7$~SHL$OSPACE$EBA8$MICROLIB$REQ8$PRES8$EABIv2 0x00000000   Number         0  anon$$obj.o ABSOLUTE
    __ARM_use_no_argv                        0x00000000   Number         0  main.o ABSOLUTE
    __cpp_initialize__aeabi_                  - Undefined Weak Reference
    __cxa_finalize                            - Undefined Weak Reference
    __decompress                              - Undefined Weak Reference
    _clock_init                               - Undefined Weak Reference
    _microlib_exit                            - Undefined Weak Reference
    __Vectors_Size                           0x000001ac   Number         0  startup_stm32f427xx.o ABSOLUTE
    __Vectors                                0x08000000   Data           4  startup_stm32f427xx.o(RESET)
    __Vectors_End                            0x080001ac   Data           0  startup_stm32f427xx.o(RESET)
    __main                                   0x080001ad   Thumb Code     0  entry.o(.ARM.Collect$$$$00000000)
    _main_stk                                0x080001ad   Thumb Code     0  entry2.o(.ARM.Collect$$$$00000001)
    _main_scatterload                        0x080001b1   Thumb Code     0  entry5.o(.ARM.Collect$$$$00000004)
    __main_after_scatterload                 0x080001b5   Thumb Code     0  entry5.o(.ARM.Collect$$$$00000004)
    _main_clock                              0x080001b5   Thumb Code     0  entry7b.o(.ARM.Collect$$$$00000008)
    _main_cpp_init                           0x080001b5   Thumb Code     0  entry8b.o(.ARM.Collect$$$$0000000A)
    _main_init                               0x080001b5   Thumb Code     0  entry9a.o(.ARM.Collect$$$$0000000B)
    __rt_final_cpp                           0x080001bd   Thumb Code     0  entry10a.o(.ARM.Collect$$$$0000000D)
    __rt_final_exit                          0x080001bd   Thumb Code     0  entry11a.o(.ARM.Collect$$$$0000000F)
    SVC_Handler                              0x080001c1   Thumb Code    28  port.o(.emb_text)
    __asm___6_port_c_39a90d8d__prvStartFirstTask 0x080001e1   Thumb Code    28  port.o(.emb_text)
    __asm___6_port_c_39a90d8d__prvEnableVFP  0x08000201   Thumb Code    16  port.o(.emb_text)
    PendSV_Handler                           0x08000215   Thumb Code    92  port.o(.emb_text)
    vPortGetIPSR                             0x08000275   Thumb Code     6  port.o(.emb_text)
    Reset_Handler                            0x0800027d   Thumb Code     8  startup_stm32f427xx.o(.text)
    ADC_IRQHandler                           0x08000297   Thumb Code     0  startup_stm32f427xx.o(.text)
    CAN1_RX1_IRQHandler                      0x08000297   Thumb Code     0  startup_stm32f427xx.o(.text)
    CAN1_SCE_IRQHandler                      0x08000297   Thumb Code     0  startup_stm32f427xx.o(.text)
    CAN2_RX1_IRQHandler                      0x08000297   Thumb Code     0  startup_stm32f427xx.o(.text)
    CAN2_SCE_IRQHandler                      0x08000297   Thumb Code     0  startup_stm32f427xx.o(.text)
    DCMI_IRQHandler                          0x08000297   Thumb Code     0  startup_stm32f427xx.o(.text)
    DMA1_Stream0_IRQHandler                  0x08000297   Thumb Code     0  startup_stm32f427xx.o(.text)
    DMA1_Stream2_IRQHandler                  0x08000297   Thumb Code     0  startup_stm32f427xx.o(.text)
    DMA1_Stream3_IRQHandler                  0x08000297   Thumb Code     0  startup_stm32f427xx.o(.text)
    DMA1_Stream4_IRQHandler                  0x08000297   Thumb Code     0  startup_stm32f427xx.o(.text)
    DMA1_Stream6_IRQHandler                  0x08000297   Thumb Code     0  startup_stm32f427xx.o(.text)
    DMA1_Stream7_IRQHandler                  0x08000297   Thumb Code     0  startup_stm32f427xx.o(.text)
    DMA2D_IRQHandler                         0x08000297   Thumb Code     0  startup_stm32f427xx.o(.text)
    DMA2_Stream0_IRQHandler                  0x08000297   Thumb Code     0  startup_stm32f427xx.o(.text)
    DMA2_Stream3_IRQHandler                  0x08000297   Thumb Code     0  startup_stm32f427xx.o(.text)
    DMA2_Stream4_IRQHandler                  0x08000297   Thumb Code     0  startup_stm32f427xx.o(.text)
    DMA2_Stream5_IRQHandler                  0x08000297   Thumb Code     0  startup_stm32f427xx.o(.text)
    DMA2_Stream6_IRQHandler                  0x08000297   Thumb Code     0  startup_stm32f427xx.o(.text)
    DMA2_Stream7_IRQHandler                  0x08000297   Thumb Code     0  startup_stm32f427xx.o(.text)
    ETH_IRQHandler                           0x08000297   Thumb Code     0  startup_stm32f427xx.o(.text)
    ETH_WKUP_IRQHandler                      0x08000297   Thumb Code     0  startup_stm32f427xx.o(.text)
    EXTI0_IRQHandler                         0x08000297   Thumb Code     0  startup_stm32f427xx.o(.text)
    EXTI15_10_IRQHandler                     0x08000297   Thumb Code     0  startup_stm32f427xx.o(.text)
    EXTI1_IRQHandler                         0x08000297   Thumb Code     0  startup_stm32f427xx.o(.text)
    EXTI2_IRQHandler                         0x08000297   Thumb Code     0  startup_stm32f427xx.o(.text)
    EXTI3_IRQHandler                         0x08000297   Thumb Code     0  startup_stm32f427xx.o(.text)
    EXTI4_IRQHandler                         0x08000297   Thumb Code     0  startup_stm32f427xx.o(.text)
    EXTI9_5_IRQHandler                       0x08000297   Thumb Code     0  startup_stm32f427xx.o(.text)
    FLASH_IRQHandler                         0x08000297   Thumb Code     0  startup_stm32f427xx.o(.text)
    FMC_IRQHandler                           0x08000297   Thumb Code     0  startup_stm32f427xx.o(.text)
    FPU_IRQHandler                           0x08000297   Thumb Code     0  startup_stm32f427xx.o(.text)
    HASH_RNG_IRQHandler                      0x08000297   Thumb Code     0  startup_stm32f427xx.o(.text)
    I2C1_ER_IRQHandler                       0x08000297   Thumb Code     0  startup_stm32f427xx.o(.text)
    I2C1_EV_IRQHandler                       0x08000297   Thumb Code     0  startup_stm32f427xx.o(.text)
    I2C2_ER_IRQHandler                       0x08000297   Thumb Code     0  startup_stm32f427xx.o(.text)
    I2C2_EV_IRQHandler                       0x08000297   Thumb Code     0  startup_stm32f427xx.o(.text)
    I2C3_ER_IRQHandler                       0x08000297   Thumb Code     0  startup_stm32f427xx.o(.text)
    I2C3_EV_IRQHandler                       0x08000297   Thumb Code     0  startup_stm32f427xx.o(.text)
    OTG_FS_IRQHandler                        0x08000297   Thumb Code     0  startup_stm32f427xx.o(.text)
    OTG_FS_WKUP_IRQHandler                   0x08000297   Thumb Code     0  startup_stm32f427xx.o(.text)
    OTG_HS_EP1_IN_IRQHandler                 0x08000297   Thumb Code     0  startup_stm32f427xx.o(.text)
    OTG_HS_EP1_OUT_IRQHandler                0x08000297   Thumb Code     0  startup_stm32f427xx.o(.text)
    OTG_HS_IRQHandler                        0x08000297   Thumb Code     0  startup_stm32f427xx.o(.text)
    OTG_HS_WKUP_IRQHandler                   0x08000297   Thumb Code     0  startup_stm32f427xx.o(.text)
    PVD_IRQHandler                           0x08000297   Thumb Code     0  startup_stm32f427xx.o(.text)
    RCC_IRQHandler                           0x08000297   Thumb Code     0  startup_stm32f427xx.o(.text)
    RTC_Alarm_IRQHandler                     0x08000297   Thumb Code     0  startup_stm32f427xx.o(.text)
    RTC_WKUP_IRQHandler                      0x08000297   Thumb Code     0  startup_stm32f427xx.o(.text)
    SAI1_IRQHandler                          0x08000297   Thumb Code     0  startup_stm32f427xx.o(.text)
    SDIO_IRQHandler                          0x08000297   Thumb Code     0  startup_stm32f427xx.o(.text)
    SPI1_IRQHandler                          0x08000297   Thumb Code     0  startup_stm32f427xx.o(.text)
    SPI2_IRQHandler                          0x08000297   Thumb Code     0  startup_stm32f427xx.o(.text)
    SPI3_IRQHandler                          0x08000297   Thumb Code     0  startup_stm32f427xx.o(.text)
    SPI4_IRQHandler                          0x08000297   Thumb Code     0  startup_stm32f427xx.o(.text)
    SPI5_IRQHandler                          0x08000297   Thumb Code     0  startup_stm32f427xx.o(.text)
    SPI6_IRQHandler                          0x08000297   Thumb Code     0  startup_stm32f427xx.o(.text)
    TAMP_STAMP_IRQHandler                    0x08000297   Thumb Code     0  startup_stm32f427xx.o(.text)
    TIM1_BRK_TIM9_IRQHandler                 0x08000297   Thumb Code     0  startup_stm32f427xx.o(.text)
    TIM1_CC_IRQHandler                       0x08000297   Thumb Code     0  startup_stm32f427xx.o(.text)
    TIM1_TRG_COM_TIM11_IRQHandler            0x08000297   Thumb Code     0  startup_stm32f427xx.o(.text)
    TIM1_UP_TIM10_IRQHandler                 0x08000297   Thumb Code     0  startup_stm32f427xx.o(.text)
    TIM2_IRQHandler                          0x08000297   Thumb Code     0  startup_stm32f427xx.o(.text)
    TIM3_IRQHandler                          0x08000297   Thumb Code     0  startup_stm32f427xx.o(.text)
    TIM4_IRQHandler                          0x08000297   Thumb Code     0  startup_stm32f427xx.o(.text)
    TIM5_IRQHandler                          0x08000297   Thumb Code     0  startup_stm32f427xx.o(.text)
    TIM7_IRQHandler                          0x08000297   Thumb Code     0  startup_stm32f427xx.o(.text)
    TIM8_BRK_TIM12_IRQHandler                0x08000297   Thumb Code     0  startup_stm32f427xx.o(.text)
    TIM8_CC_IRQHandler                       0x08000297   Thumb Code     0  startup_stm32f427xx.o(.text)
    TIM8_TRG_COM_TIM14_IRQHandler            0x08000297   Thumb Code     0  startup_stm32f427xx.o(.text)
    TIM8_UP_TIM13_IRQHandler                 0x08000297   Thumb Code     0  startup_stm32f427xx.o(.text)
    UART4_IRQHandler                         0x08000297   Thumb Code     0  startup_stm32f427xx.o(.text)
    UART5_IRQHandler                         0x08000297   Thumb Code     0  startup_stm32f427xx.o(.text)
    UART7_IRQHandler                         0x08000297   Thumb Code     0  startup_stm32f427xx.o(.text)
    UART8_IRQHandler                         0x08000297   Thumb Code     0  startup_stm32f427xx.o(.text)
    WWDG_IRQHandler                          0x08000297   Thumb Code     0  startup_stm32f427xx.o(.text)
    __aeabi_memcpy                           0x080002a1   Thumb Code    36  memcpya.o(.text)
    __aeabi_memcpy4                          0x080002a1   Thumb Code     0  memcpya.o(.text)
    __aeabi_memcpy8                          0x080002a1   Thumb Code     0  memcpya.o(.text)
    __scatterload                            0x080002c5   Thumb Code    28  init.o(.text)
    __scatterload_rt2                        0x080002c5   Thumb Code     0  init.o(.text)
    BusFault_Handler                         0x080002e9   Thumb Code     2  stm32f4xx_it.o(i.BusFault_Handler)
    CAN1_RX0_IRQHandler                      0x080002ed   Thumb Code     6  stm32f4xx_it.o(i.CAN1_RX0_IRQHandler)
    CAN1_TX_IRQHandler                       0x080002f9   Thumb Code     6  stm32f4xx_it.o(i.CAN1_TX_IRQHandler)
    CAN2_RX0_IRQHandler                      0x08000305   Thumb Code     6  stm32f4xx_it.o(i.CAN2_RX0_IRQHandler)
    CAN2_TX_IRQHandler                       0x08000311   Thumb Code     6  stm32f4xx_it.o(i.CAN2_TX_IRQHandler)
    DMA1_Stream1_IRQHandler                  0x080004a5   Thumb Code     6  stm32f4xx_it.o(i.DMA1_Stream1_IRQHandler)
    DMA1_Stream5_IRQHandler                  0x080004b1   Thumb Code     6  stm32f4xx_it.o(i.DMA1_Stream5_IRQHandler)
    DMA2_Stream1_IRQHandler                  0x080004bd   Thumb Code     6  stm32f4xx_it.o(i.DMA2_Stream1_IRQHandler)
    DMA2_Stream2_IRQHandler                  0x080004c9   Thumb Code     6  stm32f4xx_it.o(i.DMA2_Stream2_IRQHandler)
    DebugMon_Handler                         0x08000551   Thumb Code     2  stm32f4xx_it.o(i.DebugMon_Handler)
    Error_Handler                            0x08000553   Thumb Code     2  main.o(i.Error_Handler)
    HAL_CAN_ConfigFilter                     0x08000555   Thumb Code   218  stm32f4xx_hal_can.o(i.HAL_CAN_ConfigFilter)
    HAL_CAN_ErrorCallback                    0x08000639   Thumb Code     2  stm32f4xx_hal_can.o(i.HAL_CAN_ErrorCallback)
    HAL_CAN_IRQHandler                       0x0800063d   Thumb Code   370  stm32f4xx_hal_can.o(i.HAL_CAN_IRQHandler)
    HAL_CAN_Init                             0x080007bd   Thumb Code   328  stm32f4xx_hal_can.o(i.HAL_CAN_Init)
    HAL_CAN_MspInit                          0x08000905   Thumb Code   200  can.o(i.HAL_CAN_MspInit)
    HAL_CAN_Receive_IT                       0x080009e5   Thumb Code   134  stm32f4xx_hal_can.o(i.HAL_CAN_Receive_IT)
    HAL_CAN_RxCpltCallback                   0x08000a6d   Thumb Code   106  bsp_can.o(i.HAL_CAN_RxCpltCallback)
    HAL_CAN_Transmit                         0x08000aed   Thumb Code   390  stm32f4xx_hal_can.o(i.HAL_CAN_Transmit)
    HAL_CAN_TxCpltCallback                   0x08000c81   Thumb Code     2  stm32f4xx_hal_can.o(i.HAL_CAN_TxCpltCallback)
    HAL_DMA_Abort_IT                         0x08000c83   Thumb Code    36  stm32f4xx_hal_dma.o(i.HAL_DMA_Abort_IT)
    HAL_DMA_IRQHandler                       0x08000ca9   Thumb Code   414  stm32f4xx_hal_dma.o(i.HAL_DMA_IRQHandler)
    HAL_DMA_Init                             0x08000e51   Thumb Code   202  stm32f4xx_hal_dma.o(i.HAL_DMA_Init)
    HAL_Delay                                0x08000f21   Thumb Code    22  stm32f4xx_hal.o(i.HAL_Delay)
    HAL_GPIO_Init                            0x08000f39   Thumb Code   408  stm32f4xx_hal_gpio.o(i.HAL_GPIO_Init)
    HAL_GPIO_WritePin                        0x08001105   Thumb Code    10  stm32f4xx_hal_gpio.o(i.HAL_GPIO_WritePin)
    HAL_GetTick                              0x08001111   Thumb Code     6  stm32f4xx_hal.o(i.HAL_GetTick)
    HAL_IncTick                              0x0800111d   Thumb Code    10  stm32f4xx_hal.o(i.HAL_IncTick)
    HAL_Init                                 0x0800112d   Thumb Code    48  stm32f4xx_hal.o(i.HAL_Init)
    HAL_InitTick                             0x08001161   Thumb Code   100  stm32f4xx_hal_timebase_tim.o(i.HAL_InitTick)
    HAL_MspInit                              0x080011d5   Thumb Code    88  stm32f4xx_hal_msp.o(i.HAL_MspInit)
    HAL_NVIC_EnableIRQ                       0x0800122d   Thumb Code    22  stm32f4xx_hal_cortex.o(i.HAL_NVIC_EnableIRQ)
    HAL_NVIC_SetPriority                     0x08001245   Thumb Code    60  stm32f4xx_hal_cortex.o(i.HAL_NVIC_SetPriority)
    HAL_NVIC_SetPriorityGrouping             0x08001285   Thumb Code    26  stm32f4xx_hal_cortex.o(i.HAL_NVIC_SetPriorityGrouping)
    HAL_PWREx_EnableOverDrive                0x080012a9   Thumb Code   126  stm32f4xx_hal_pwr_ex.o(i.HAL_PWREx_EnableOverDrive)
    HAL_RCC_ClockConfig                      0x08001335   Thumb Code   364  stm32f4xx_hal_rcc.o(i.HAL_RCC_ClockConfig)
    HAL_RCC_GetClockConfig                   0x080014b1   Thumb Code    54  stm32f4xx_hal_rcc.o(i.HAL_RCC_GetClockConfig)
    HAL_RCC_GetHCLKFreq                      0x080014f1   Thumb Code     6  stm32f4xx_hal_rcc.o(i.HAL_RCC_GetHCLKFreq)
    HAL_RCC_GetPCLK1Freq                     0x080014fd   Thumb Code    34  stm32f4xx_hal_rcc.o(i.HAL_RCC_GetPCLK1Freq)
    HAL_RCC_GetPCLK2Freq                     0x0800152d   Thumb Code    34  stm32f4xx_hal_rcc.o(i.HAL_RCC_GetPCLK2Freq)
    HAL_RCC_GetSysClockFreq                  0x0800155d   Thumb Code   104  stm32f4xx_hal_rcc.o(i.HAL_RCC_GetSysClockFreq)
    HAL_RCC_OscConfig                        0x080015d1   Thumb Code   722  stm32f4xx_hal_rcc.o(i.HAL_RCC_OscConfig)
    HAL_SYSTICK_CLKSourceConfig              0x080018b5   Thumb Code    24  stm32f4xx_hal_cortex.o(i.HAL_SYSTICK_CLKSourceConfig)
    HAL_SYSTICK_Config                       0x080018cd   Thumb Code    40  stm32f4xx_hal_cortex.o(i.HAL_SYSTICK_Config)
    HAL_TIMEx_BreakCallback                  0x080018f5   Thumb Code     2  stm32f4xx_hal_tim_ex.o(i.HAL_TIMEx_BreakCallback)
    HAL_TIMEx_CommutationCallback            0x080018f7   Thumb Code     2  stm32f4xx_hal_tim_ex.o(i.HAL_TIMEx_CommutationCallback)
    HAL_TIM_Base_Init                        0x080018f9   Thumb Code    54  stm32f4xx_hal_tim.o(i.HAL_TIM_Base_Init)
    HAL_TIM_Base_MspInit                     0x0800192f   Thumb Code     2  stm32f4xx_hal_tim.o(i.HAL_TIM_Base_MspInit)
    HAL_TIM_Base_Start_IT                    0x08001931   Thumb Code    24  stm32f4xx_hal_tim.o(i.HAL_TIM_Base_Start_IT)
    HAL_TIM_IC_CaptureCallback               0x08001949   Thumb Code     2  stm32f4xx_hal_tim.o(i.HAL_TIM_IC_CaptureCallback)
    HAL_TIM_IRQHandler                       0x0800194b   Thumb Code   358  stm32f4xx_hal_tim.o(i.HAL_TIM_IRQHandler)
    HAL_TIM_OC_DelayElapsedCallback          0x08001ab1   Thumb Code     2  stm32f4xx_hal_tim.o(i.HAL_TIM_OC_DelayElapsedCallback)
    HAL_TIM_PWM_PulseFinishedCallback        0x08001ab3   Thumb Code     2  stm32f4xx_hal_tim.o(i.HAL_TIM_PWM_PulseFinishedCallback)
    HAL_TIM_PeriodElapsedCallback            0x08001ab5   Thumb Code    14  main.o(i.HAL_TIM_PeriodElapsedCallback)
    HAL_TIM_TriggerCallback                  0x08001ac9   Thumb Code     2  stm32f4xx_hal_tim.o(i.HAL_TIM_TriggerCallback)
    HAL_UART_ErrorCallback                   0x08001acb   Thumb Code     2  stm32f4xx_hal_uart.o(i.HAL_UART_ErrorCallback)
    HAL_UART_IRQHandler                      0x08001acd   Thumb Code   266  stm32f4xx_hal_uart.o(i.HAL_UART_IRQHandler)
    HAL_UART_Init                            0x08001bdd   Thumb Code    98  stm32f4xx_hal_uart.o(i.HAL_UART_Init)
    HAL_UART_MspInit                         0x08001c41   Thumb Code   554  usart.o(i.HAL_UART_MspInit)
    HAL_UART_Receive_IT                      0x08001e9d   Thumb Code    72  stm32f4xx_hal_uart.o(i.HAL_UART_Receive_IT)
    HAL_UART_RxCpltCallback                  0x08001ee5   Thumb Code    52  serial.o(i.HAL_UART_RxCpltCallback)
    HAL_UART_Transmit                        0x08001f25   Thumb Code   186  stm32f4xx_hal_uart.o(i.HAL_UART_Transmit)
    HAL_UART_TxCpltCallback                  0x08001fdf   Thumb Code     2  stm32f4xx_hal_uart.o(i.HAL_UART_TxCpltCallback)
    HardFault_Handler                        0x08001fe1   Thumb Code     2  stm32f4xx_it.o(i.HardFault_Handler)
    MX_CAN1_Init                             0x08001fe5   Thumb Code    60  can.o(i.MX_CAN1_Init)
    MX_GPIO_Init                             0x08002029   Thumb Code   338  gpio.o(i.MX_GPIO_Init)
    MX_USART6_UART_Init                      0x0800219d   Thumb Code    48  usart.o(i.MX_USART6_UART_Init)
    MemManage_Handler                        0x080021d5   Thumb Code     2  stm32f4xx_it.o(i.MemManage_Handler)
    NMI_Handler                              0x080021d7   Thumb Code     2  stm32f4xx_it.o(i.NMI_Handler)
    PID_struct_init                          0x080021f9   Thumb Code    16  pid.o(i.PID_struct_init)
    SysTick_Handler                          0x08002211   Thumb Code     4  stm32f4xx_it.o(i.SysTick_Handler)
    SystemClock_Config                       0x08002215   Thumb Code   156  main.o(i.SystemClock_Config)
    SystemInit                               0x080022b9   Thumb Code    66  system_stm32f4xx.o(i.SystemInit)
    TIM6_DAC_IRQHandler                      0x0800230d   Thumb Code     6  stm32f4xx_it.o(i.TIM6_DAC_IRQHandler)
    TIM_Base_SetConfig                       0x08002319   Thumb Code   148  stm32f4xx_hal_tim.o(i.TIM_Base_SetConfig)
    USART1_IRQHandler                        0x08002805   Thumb Code     6  stm32f4xx_it.o(i.USART1_IRQHandler)
    USART2_IRQHandler                        0x08002811   Thumb Code     6  stm32f4xx_it.o(i.USART2_IRQHandler)
    USART3_IRQHandler                        0x0800281d   Thumb Code     6  stm32f4xx_it.o(i.USART3_IRQHandler)
    USART6_IRQHandler                        0x08002829   Thumb Code     6  stm32f4xx_it.o(i.USART6_IRQHandler)
    UsageFault_Handler                       0x08002835   Thumb Code     2  stm32f4xx_it.o(i.UsageFault_Handler)
    __scatterload_copy                       0x08002837   Thumb Code    14  handlers.o(i.__scatterload_copy)
    __scatterload_null                       0x08002845   Thumb Code     2  handlers.o(i.__scatterload_null)
    __scatterload_zeroinit                   0x08002847   Thumb Code    14  handlers.o(i.__scatterload_zeroinit)
    abs_limit                                0x08002855   Thumb Code    42  pid.o(i.abs_limit)
    get_moto_measure                         0x0800287f   Thumb Code    84  bsp_can.o(i.get_moto_measure)
    get_moto_offset                          0x080028d3   Thumb Code    12  bsp_can.o(i.get_moto_offset)
    init                                     0x080028df   Thumb Code    26  main.o(i.init)
    main                                     0x080028f9   Thumb Code   386  main.o(i.main)
    my_can_filter_init_recv_all              0x08002a9d   Thumb Code    84  bsp_can.o(i.my_can_filter_init_recv_all)
    osSystickHandler                         0x08002afd   Thumb Code    20  cmsis_os.o(i.osSystickHandler)
    pid_calc                                 0x08002b11   Thumb Code   448  pid.o(i.pid_calc)
    send                                     0x08002d09   Thumb Code   302  serial.o(i.send)
    set_moto_current                         0x08002e6d   Thumb Code    78  bsp_can.o(i.set_moto_current)
    updateRSRA                               0x08002ebd   Thumb Code   124  serial.o(i.updateRSRA)
    uxListRemove                             0x08002f41   Thumb Code    36  list.o(i.uxListRemove)
    vListInsertEnd                           0x08002f65   Thumb Code    24  list.o(i.vListInsertEnd)
    vTaskSwitchContext                       0x08002f7d   Thumb Code    82  tasks.o(i.vTaskSwitchContext)
    xPortSysTickHandler                      0x08002fd9   Thumb Code    38  port.o(i.xPortSysTickHandler)
    xTaskGetSchedulerState                   0x08003005   Thumb Code    22  tasks.o(i.xTaskGetSchedulerState)
    xTaskIncrementTick                       0x08003021   Thumb Code   194  tasks.o(i.xTaskIncrementTick)
    APBAHBPrescTable                         0x080030f4   Data          16  stm32f4xx_hal_rcc.o(.constdata)
    Region$$Table$$Base                      0x08003104   Number         0  anon$$obj.o(Region$$Table)
    Region$$Table$$Limit                     0x08003124   Number         0  anon$$obj.o(Region$$Table)
    uwTick                                   0x20000000   Data           4  stm32f4xx_hal.o(.data)
    SystemCoreClock                          0x20000004   Data           4  system_stm32f4xx.o(.data)
    pxCurrentTCB                             0x20000008   Data           4  tasks.o(.data)
    real_left_front_rs                       0x20000044   Data           4  main.o(.data)
    real_left_front_ra                       0x20000048   Data           4  main.o(.data)
    real_right_front_rs                      0x2000004c   Data           4  main.o(.data)
    real_right_front_ra                      0x20000050   Data           4  main.o(.data)
    real_left_back_rs                        0x20000054   Data           4  main.o(.data)
    real_left_back_ra                        0x20000058   Data           4  main.o(.data)
    real_right_back_rs                       0x2000005c   Data           4  main.o(.data)
    real_right_back_ra                       0x20000060   Data           4  main.o(.data)
    rDataCount                               0x2000007d   Data           1  serial.o(.data)
    set_spd                                  0x20000180   Data          16  main.o(.bss)
    htim6                                    0x20000190   Data          60  stm32f4xx_hal_timebase_tim.o(.bss)
    hcan1                                    0x200001cc   Data          64  can.o(.bss)
    hcan2                                    0x2000020c   Data          64  can.o(.bss)
    huart1                                   0x2000024c   Data          64  usart.o(.bss)
    huart2                                   0x2000028c   Data          64  usart.o(.bss)
    huart3                                   0x200002cc   Data          64  usart.o(.bss)
    huart6                                   0x2000030c   Data          64  usart.o(.bss)
    hdma_usart1_rx                           0x2000034c   Data          96  usart.o(.bss)
    hdma_usart2_rx                           0x200003ac   Data          96  usart.o(.bss)
    hdma_usart3_rx                           0x2000040c   Data          96  usart.o(.bss)
    hdma_usart6_rx                           0x2000046c   Data          96  usart.o(.bss)
    moto_chassis                             0x200004cc   Data         176  bsp_can.o(.bss)
    moto_info                                0x200005fc   Data          44  bsp_can.o(.bss)
    pid_spd                                  0x20000628   Data         432  pid.o(.bss)
    rData                                    0x200007d8   Data          18  serial.o(.bss)
    __initial_sp                             0x20000bf0   Data           0  startup_stm32f427xx.o(STACK)



==============================================================================

Memory Map of the image

  Image Entry point : 0x080001ad

  Load Region LR_IROM1 (Base: 0x08000000, Size: 0x000031b4, Max: 0x00200000, ABSOLUTE)

    Execution Region ER_IROM1 (Exec base: 0x08000000, Load base: 0x08000000, Size: 0x00003124, Max: 0x00200000, ABSOLUTE)

    Exec Addr    Load Addr    Size         Type   Attr      Idx    E Section Name        Object

    0x08000000   0x08000000   0x000001ac   Data   RO         3816    RESET               startup_stm32f427xx.o
    0x080001ac   0x080001ac   0x00000000   Code   RO         4624  * .ARM.Collect$$$$00000000  mc_w.l(entry.o)
    0x080001ac   0x080001ac   0x00000004   Code   RO         4633    .ARM.Collect$$$$00000001  mc_w.l(entry2.o)
    0x080001b0   0x080001b0   0x00000004   Code   RO         4636    .ARM.Collect$$$$00000004  mc_w.l(entry5.o)
    0x080001b4   0x080001b4   0x00000000   Code   RO         4638    .ARM.Collect$$$$00000008  mc_w.l(entry7b.o)
    0x080001b4   0x080001b4   0x00000000   Code   RO         4640    .ARM.Collect$$$$0000000A  mc_w.l(entry8b.o)
    0x080001b4   0x080001b4   0x00000008   Code   RO         4641    .ARM.Collect$$$$0000000B  mc_w.l(entry9a.o)
    0x080001bc   0x080001bc   0x00000000   Code   RO         4643    .ARM.Collect$$$$0000000D  mc_w.l(entry10a.o)
    0x080001bc   0x080001bc   0x00000000   Code   RO         4645    .ARM.Collect$$$$0000000F  mc_w.l(entry11a.o)
    0x080001bc   0x080001bc   0x00000004   Code   RO         4634    .ARM.Collect$$$$00002712  mc_w.l(entry2.o)
    0x080001c0   0x080001c0   0x000000ba   Code   RO         3691    .emb_text           port.o
    0x0800027a   0x0800027a   0x00000002   PAD
    0x0800027c   0x0800027c   0x00000024   Code   RO         3817    .text               startup_stm32f427xx.o
    0x080002a0   0x080002a0   0x00000024   Code   RO         4627    .text               mc_w.l(memcpya.o)
    0x080002c4   0x080002c4   0x00000024   Code   RO         4647    .text               mc_w.l(init.o)
    0x080002e8   0x080002e8   0x00000002   Code   RO         4159    i.BusFault_Handler  stm32f4xx_it.o
    0x080002ea   0x080002ea   0x00000002   PAD
    0x080002ec   0x080002ec   0x0000000c   Code   RO         4160    i.CAN1_RX0_IRQHandler  stm32f4xx_it.o
    0x080002f8   0x080002f8   0x0000000c   Code   RO         4161    i.CAN1_TX_IRQHandler  stm32f4xx_it.o
    0x08000304   0x08000304   0x0000000c   Code   RO         4162    i.CAN2_RX0_IRQHandler  stm32f4xx_it.o
    0x08000310   0x08000310   0x0000000c   Code   RO         4163    i.CAN2_TX_IRQHandler  stm32f4xx_it.o
    0x0800031c   0x0800031c   0x00000128   Code   RO            4    i.CAN_Receive_IT    stm32f4xx_hal_can.o
    0x08000444   0x08000444   0x00000060   Code   RO            5    i.CAN_Transmit_IT   stm32f4xx_hal_can.o
    0x080004a4   0x080004a4   0x0000000c   Code   RO         4164    i.DMA1_Stream1_IRQHandler  stm32f4xx_it.o
    0x080004b0   0x080004b0   0x0000000c   Code   RO         4165    i.DMA1_Stream5_IRQHandler  stm32f4xx_it.o
    0x080004bc   0x080004bc   0x0000000c   Code   RO         4166    i.DMA2_Stream1_IRQHandler  stm32f4xx_it.o
    0x080004c8   0x080004c8   0x0000000c   Code   RO         4167    i.DMA2_Stream2_IRQHandler  stm32f4xx_it.o
    0x080004d4   0x080004d4   0x00000028   Code   RO         2490    i.DMA_CalcBaseAndBitshift  stm32f4xx_hal_dma.o
    0x080004fc   0x080004fc   0x00000054   Code   RO         2491    i.DMA_CheckFifoParam  stm32f4xx_hal_dma.o
    0x08000550   0x08000550   0x00000002   Code   RO         4168    i.DebugMon_Handler  stm32f4xx_it.o
    0x08000552   0x08000552   0x00000002   Code   RO         3824    i.Error_Handler     main.o
    0x08000554   0x08000554   0x000000e4   Code   RO            6    i.HAL_CAN_ConfigFilter  stm32f4xx_hal_can.o
    0x08000638   0x08000638   0x00000002   Code   RO            8    i.HAL_CAN_ErrorCallback  stm32f4xx_hal_can.o
    0x0800063a   0x0800063a   0x00000002   PAD
    0x0800063c   0x0800063c   0x00000180   Code   RO           11    i.HAL_CAN_IRQHandler  stm32f4xx_hal_can.o
    0x080007bc   0x080007bc   0x00000148   Code   RO           12    i.HAL_CAN_Init      stm32f4xx_hal_can.o
    0x08000904   0x08000904   0x000000e0   Code   RO         4317    i.HAL_CAN_MspInit   can.o
    0x080009e4   0x080009e4   0x00000086   Code   RO           16    i.HAL_CAN_Receive_IT  stm32f4xx_hal_can.o
    0x08000a6a   0x08000a6a   0x00000002   PAD
    0x08000a6c   0x08000a6c   0x00000080   Code   RO         4425    i.HAL_CAN_RxCpltCallback  bsp_can.o
    0x08000aec   0x08000aec   0x00000194   Code   RO           19    i.HAL_CAN_Transmit  stm32f4xx_hal_can.o
    0x08000c80   0x08000c80   0x00000002   Code   RO           21    i.HAL_CAN_TxCpltCallback  stm32f4xx_hal_can.o
    0x08000c82   0x08000c82   0x00000024   Code   RO         2494    i.HAL_DMA_Abort_IT  stm32f4xx_hal_dma.o
    0x08000ca6   0x08000ca6   0x00000002   PAD
    0x08000ca8   0x08000ca8   0x000001a8   Code   RO         2498    i.HAL_DMA_IRQHandler  stm32f4xx_hal_dma.o
    0x08000e50   0x08000e50   0x000000d0   Code   RO         2499    i.HAL_DMA_Init      stm32f4xx_hal_dma.o
    0x08000f20   0x08000f20   0x00000016   Code   RO         1040    i.HAL_Delay         stm32f4xx_hal.o
    0x08000f36   0x08000f36   0x00000002   PAD
    0x08000f38   0x08000f38   0x000001cc   Code   RO          239    i.HAL_GPIO_Init     stm32f4xx_hal_gpio.o
    0x08001104   0x08001104   0x0000000a   Code   RO          243    i.HAL_GPIO_WritePin  stm32f4xx_hal_gpio.o
    0x0800110e   0x0800110e   0x00000002   PAD
    0x08001110   0x08001110   0x0000000c   Code   RO         1048    i.HAL_GetTick       stm32f4xx_hal.o
    0x0800111c   0x0800111c   0x00000010   Code   RO         1049    i.HAL_IncTick       stm32f4xx_hal.o
    0x0800112c   0x0800112c   0x00000034   Code   RO         1050    i.HAL_Init          stm32f4xx_hal.o
    0x08001160   0x08001160   0x00000074   Code   RO         4053    i.HAL_InitTick      stm32f4xx_hal_timebase_tim.o
    0x080011d4   0x080011d4   0x00000058   Code   RO         4005    i.HAL_MspInit       stm32f4xx_hal_msp.o
    0x0800122c   0x0800122c   0x00000016   Code   RO          523    i.HAL_NVIC_EnableIRQ  stm32f4xx_hal_cortex.o
    0x08001242   0x08001242   0x00000002   PAD
    0x08001244   0x08001244   0x00000040   Code   RO          529    i.HAL_NVIC_SetPriority  stm32f4xx_hal_cortex.o
    0x08001284   0x08001284   0x00000024   Code   RO          530    i.HAL_NVIC_SetPriorityGrouping  stm32f4xx_hal_cortex.o
    0x080012a8   0x080012a8   0x0000008c   Code   RO         1234    i.HAL_PWREx_EnableOverDrive  stm32f4xx_hal_pwr_ex.o
    0x08001334   0x08001334   0x0000017c   Code   RO         2597    i.HAL_RCC_ClockConfig  stm32f4xx_hal_rcc.o
    0x080014b0   0x080014b0   0x00000040   Code   RO         2601    i.HAL_RCC_GetClockConfig  stm32f4xx_hal_rcc.o
    0x080014f0   0x080014f0   0x0000000c   Code   RO         2602    i.HAL_RCC_GetHCLKFreq  stm32f4xx_hal_rcc.o
    0x080014fc   0x080014fc   0x00000030   Code   RO         2604    i.HAL_RCC_GetPCLK1Freq  stm32f4xx_hal_rcc.o
    0x0800152c   0x0800152c   0x00000030   Code   RO         2605    i.HAL_RCC_GetPCLK2Freq  stm32f4xx_hal_rcc.o
    0x0800155c   0x0800155c   0x00000074   Code   RO         2606    i.HAL_RCC_GetSysClockFreq  stm32f4xx_hal_rcc.o
    0x080015d0   0x080015d0   0x000002e4   Code   RO         2609    i.HAL_RCC_OscConfig  stm32f4xx_hal_rcc.o
    0x080018b4   0x080018b4   0x00000018   Code   RO          532    i.HAL_SYSTICK_CLKSourceConfig  stm32f4xx_hal_cortex.o
    0x080018cc   0x080018cc   0x00000028   Code   RO          534    i.HAL_SYSTICK_Config  stm32f4xx_hal_cortex.o
    0x080018f4   0x080018f4   0x00000002   Code   RO         1579    i.HAL_TIMEx_BreakCallback  stm32f4xx_hal_tim_ex.o
    0x080018f6   0x080018f6   0x00000002   Code   RO         1580    i.HAL_TIMEx_CommutationCallback  stm32f4xx_hal_tim_ex.o
    0x080018f8   0x080018f8   0x00000036   Code   RO         1820    i.HAL_TIM_Base_Init  stm32f4xx_hal_tim.o
    0x0800192e   0x0800192e   0x00000002   Code   RO         1822    i.HAL_TIM_Base_MspInit  stm32f4xx_hal_tim.o
    0x08001930   0x08001930   0x00000018   Code   RO         1825    i.HAL_TIM_Base_Start_IT  stm32f4xx_hal_tim.o
    0x08001948   0x08001948   0x00000002   Code   RO         1849    i.HAL_TIM_IC_CaptureCallback  stm32f4xx_hal_tim.o
    0x0800194a   0x0800194a   0x00000166   Code   RO         1862    i.HAL_TIM_IRQHandler  stm32f4xx_hal_tim.o
    0x08001ab0   0x08001ab0   0x00000002   Code   RO         1865    i.HAL_TIM_OC_DelayElapsedCallback  stm32f4xx_hal_tim.o
    0x08001ab2   0x08001ab2   0x00000002   Code   RO         1892    i.HAL_TIM_PWM_PulseFinishedCallback  stm32f4xx_hal_tim.o
    0x08001ab4   0x08001ab4   0x00000014   Code   RO         3825    i.HAL_TIM_PeriodElapsedCallback  main.o
    0x08001ac8   0x08001ac8   0x00000002   Code   RO         1903    i.HAL_TIM_TriggerCallback  stm32f4xx_hal_tim.o
    0x08001aca   0x08001aca   0x00000002   Code   RO          793    i.HAL_UART_ErrorCallback  stm32f4xx_hal_uart.o
    0x08001acc   0x08001acc   0x00000110   Code   RO          796    i.HAL_UART_IRQHandler  stm32f4xx_hal_uart.o
    0x08001bdc   0x08001bdc   0x00000062   Code   RO          797    i.HAL_UART_Init     stm32f4xx_hal_uart.o
    0x08001c3e   0x08001c3e   0x00000002   PAD
    0x08001c40   0x08001c40   0x0000025c   Code   RO         4366    i.HAL_UART_MspInit  usart.o
    0x08001e9c   0x08001e9c   0x00000048   Code   RO          802    i.HAL_UART_Receive_IT  stm32f4xx_hal_uart.o
    0x08001ee4   0x08001ee4   0x00000040   Code   RO         4580    i.HAL_UART_RxCpltCallback  serial.o
    0x08001f24   0x08001f24   0x000000ba   Code   RO          805    i.HAL_UART_Transmit  stm32f4xx_hal_uart.o
    0x08001fde   0x08001fde   0x00000002   Code   RO          808    i.HAL_UART_TxCpltCallback  stm32f4xx_hal_uart.o
    0x08001fe0   0x08001fe0   0x00000002   Code   RO         4169    i.HardFault_Handler  stm32f4xx_it.o
    0x08001fe2   0x08001fe2   0x00000002   PAD
    0x08001fe4   0x08001fe4   0x00000044   Code   RO         4318    i.MX_CAN1_Init      can.o
    0x08002028   0x08002028   0x00000174   Code   RO         4093    i.MX_GPIO_Init      gpio.o
    0x0800219c   0x0800219c   0x00000038   Code   RO         4370    i.MX_USART6_UART_Init  usart.o
    0x080021d4   0x080021d4   0x00000002   Code   RO         4170    i.MemManage_Handler  stm32f4xx_it.o
    0x080021d6   0x080021d6   0x00000002   Code   RO         4171    i.NMI_Handler       stm32f4xx_it.o
    0x080021d8   0x080021d8   0x00000020   Code   RO          536    i.NVIC_SetPriority  stm32f4xx_hal_cortex.o
    0x080021f8   0x080021f8   0x00000018   Code   RO         4509    i.PID_struct_init   pid.o
    0x08002210   0x08002210   0x00000004   Code   RO         4172    i.SysTick_Handler   stm32f4xx_it.o
    0x08002214   0x08002214   0x000000a4   Code   RO         3826    i.SystemClock_Config  main.o
    0x080022b8   0x080022b8   0x00000054   Code   RO         2702    i.SystemInit        system_stm32f4xx.o
    0x0800230c   0x0800230c   0x0000000c   Code   RO         4173    i.TIM6_DAC_IRQHandler  stm32f4xx_it.o
    0x08002318   0x08002318   0x000000c0   Code   RO         1904    i.TIM_Base_SetConfig  stm32f4xx_hal_tim.o
    0x080023d8   0x080023d8   0x00000010   Code   RO          810    i.UART_DMAAbortOnError  stm32f4xx_hal_uart.o
    0x080023e8   0x080023e8   0x0000001c   Code   RO          816    i.UART_EndRxTransfer  stm32f4xx_hal_uart.o
    0x08002404   0x08002404   0x0000008c   Code   RO          818    i.UART_Receive_IT   stm32f4xx_hal_uart.o
    0x08002490   0x08002490   0x000002ac   Code   RO          819    i.UART_SetConfig    stm32f4xx_hal_uart.o
    0x0800273c   0x0800273c   0x00000062   Code   RO          820    i.UART_Transmit_IT  stm32f4xx_hal_uart.o
    0x0800279e   0x0800279e   0x00000064   Code   RO          821    i.UART_WaitOnFlagUntilTimeout  stm32f4xx_hal_uart.o
    0x08002802   0x08002802   0x00000002   PAD
    0x08002804   0x08002804   0x0000000c   Code   RO         4174    i.USART1_IRQHandler  stm32f4xx_it.o
    0x08002810   0x08002810   0x0000000c   Code   RO         4175    i.USART2_IRQHandler  stm32f4xx_it.o
    0x0800281c   0x0800281c   0x0000000c   Code   RO         4176    i.USART3_IRQHandler  stm32f4xx_it.o
    0x08002828   0x08002828   0x0000000c   Code   RO         4177    i.USART6_IRQHandler  stm32f4xx_it.o
    0x08002834   0x08002834   0x00000002   Code   RO         4178    i.UsageFault_Handler  stm32f4xx_it.o
    0x08002836   0x08002836   0x0000000e   Code   RO         4651    i.__scatterload_copy  mc_w.l(handlers.o)
    0x08002844   0x08002844   0x00000002   Code   RO         4652    i.__scatterload_null  mc_w.l(handlers.o)
    0x08002846   0x08002846   0x0000000e   Code   RO         4653    i.__scatterload_zeroinit  mc_w.l(handlers.o)
    0x08002854   0x08002854   0x0000002a   Code   RO         4510    i.abs_limit         pid.o
    0x0800287e   0x0800287e   0x00000054   Code   RO         4428    i.get_moto_measure  bsp_can.o
    0x080028d2   0x080028d2   0x0000000c   Code   RO         4429    i.get_moto_offset   bsp_can.o
    0x080028de   0x080028de   0x0000001a   Code   RO         3827    i.init              main.o
    0x080028f8   0x080028f8   0x000001a4   Code   RO         3828    i.main              main.o
    0x08002a9c   0x08002a9c   0x00000060   Code   RO         4431    i.my_can_filter_init_recv_all  bsp_can.o
    0x08002afc   0x08002afc   0x00000014   Code   RO         3307    i.osSystickHandler  cmsis_os.o
    0x08002b10   0x08002b10   0x000001c4   Code   RO         4511    i.pid_calc          pid.o
    0x08002cd4   0x08002cd4   0x0000000e   Code   RO         4512    i.pid_param_init    pid.o
    0x08002ce2   0x08002ce2   0x00000006   Code   RO         4513    i.pid_reset         pid.o
    0x08002ce8   0x08002ce8   0x00000020   Code   RO         2739    i.prvResetNextTaskUnblockTime  tasks.o
    0x08002d08   0x08002d08   0x00000164   Code   RO         4581    i.send              serial.o
    0x08002e6c   0x08002e6c   0x0000004e   Code   RO         4432    i.set_moto_current  bsp_can.o
    0x08002eba   0x08002eba   0x00000002   PAD
    0x08002ebc   0x08002ebc   0x00000084   Code   RO         4582    i.updateRSRA        serial.o
    0x08002f40   0x08002f40   0x00000024   Code   RO         3234    i.uxListRemove      list.o
    0x08002f64   0x08002f64   0x00000018   Code   RO         3238    i.vListInsertEnd    list.o
    0x08002f7c   0x08002f7c   0x0000005c   Code   RO         2764    i.vTaskSwitchContext  tasks.o
    0x08002fd8   0x08002fd8   0x0000002c   Code   RO         3700    i.xPortSysTickHandler  port.o
    0x08003004   0x08003004   0x0000001c   Code   RO         2770    i.xTaskGetSchedulerState  tasks.o
    0x08003020   0x08003020   0x000000cc   Code   RO         2773    i.xTaskIncrementTick  tasks.o
    0x080030ec   0x080030ec   0x00000008   Data   RO         2505    .constdata          stm32f4xx_hal_dma.o
    0x080030f4   0x080030f4   0x00000010   Data   RO         2610    .constdata          stm32f4xx_hal_rcc.o
    0x08003104   0x08003104   0x00000020   Data   RO         4649    Region$$Table       anon$$obj.o


    Execution Region RW_IRAM1 (Exec base: 0x20000000, Load base: 0x08003124, Size: 0x00000bf0, Max: 0x00030000, ABSOLUTE)

    Exec Addr    Load Addr    Size         Type   Attr      Idx    E Section Name        Object

    0x20000000   0x08003124   0x00000004   Data   RW         1056    .data               stm32f4xx_hal.o
    0x20000004   0x08003128   0x00000004   Data   RW         2704    .data               system_stm32f4xx.o
    0x20000008   0x0800312c   0x00000038   Data   RW         2782    .data               tasks.o
    0x20000040   0x08003164   0x00000034   Data   RW         3830    .data               main.o
    0x20000074   0x08003198   0x00000004   Data   RW         4321    .data               can.o
    0x20000078   0x0800319c   0x00000001   Data   RW         4434    .data               bsp_can.o
    0x20000079   0x0800319d   0x00000003   PAD
    0x2000007c   0x080031a0   0x00000014   Data   RW         4584    .data               serial.o
    0x20000090        -       0x000000f0   Zero   RW         2781    .bss                tasks.o
    0x20000180        -       0x00000010   Zero   RW         3829    .bss                main.o
    0x20000190        -       0x0000003c   Zero   RW         4056    .bss                stm32f4xx_hal_timebase_tim.o
    0x200001cc        -       0x00000080   Zero   RW         4320    .bss                can.o
    0x2000024c        -       0x00000280   Zero   RW         4371    .bss                usart.o
    0x200004cc        -       0x0000015c   Zero   RW         4433    .bss                bsp_can.o
    0x20000628        -       0x000001b0   Zero   RW         4518    .bss                pid.o
    0x200007d8        -       0x00000012   Zero   RW         4583    .bss                serial.o
    0x200007ea   0x080031b4   0x00000006   PAD
    0x200007f0        -       0x00000400   Zero   RW         3814    STACK               startup_stm32f427xx.o


==============================================================================

Image component sizes


      Code (inc. data)   RO Data    RW Data    ZI Data      Debug   Object Name

       398         34          0          1        348       6536   bsp_can.o
       292         32          0          4        128       2023   can.o
        20          0          0          0          0        651   cmsis_os.o
       372         34          0          0          0       1243   gpio.o
        60          0          0          0          0       1824   list.o
       632         48          0         52         16       5135   main.o
       538         12          0          0        432       5504   pid.o
       230         22          0          0          0       1578   port.o
       552         74          0         20         18       4097   serial.o
        36          8        428          0       1024        848   startup_stm32f427xx.o
       102         16          0          4          0       3840   stm32f4xx_hal.o
      1874         38          0          0          0     358376   stm32f4xx_hal_can.o
       218         14          0          0          0      31345   stm32f4xx_hal_cortex.o
       792         22          8          0          0       5007   stm32f4xx_hal_dma.o
       470         52          0          0          0       2668   stm32f4xx_hal_gpio.o
        88          0          0          0          0        566   stm32f4xx_hal_msp.o
       140         14          0          0          0       1376   stm32f4xx_hal_pwr_ex.o
      1408         90         16          0          0       6956   stm32f4xx_hal_rcc.o
       638         44          0          0          0       7482   stm32f4xx_hal_tim.o
         4          0          0          0          0       1742   stm32f4xx_hal_tim_ex.o
       116         16          0          0         60       1580   stm32f4xx_hal_timebase_tim.o
      1698         14          0          0          0      10383   stm32f4xx_hal_uart.o
       172         78          0          0          0      10091   stm32f4xx_it.o
        84         18          0          4          0       1477   system_stm32f4xx.o
       356         32          0         56        240      18221   tasks.o
         0          0          0          0          0       5168   timers.o
       660         58          0          0        640       2603   usart.o

    ----------------------------------------------------------------------
     11974        770        484        144       2912     498320   Object Totals
         0          0         32          0          0          0   (incl. Generated)
        24          0          0          3          6          0   (incl. Padding)

    ----------------------------------------------------------------------

      Code (inc. data)   RO Data    RW Data    ZI Data      Debug   Library Member Name

         0          0          0          0          0          0   entry.o
         0          0          0          0          0          0   entry10a.o
         0          0          0          0          0          0   entry11a.o
         8          4          0          0          0          0   entry2.o
         4          0          0          0          0          0   entry5.o
         0          0          0          0          0          0   entry7b.o
         0          0          0          0          0          0   entry8b.o
         8          4          0          0          0          0   entry9a.o
        30          0          0          0          0          0   handlers.o
        36          8          0          0          0         68   init.o
        36          0          0          0          0         68   memcpya.o

    ----------------------------------------------------------------------
       122         16          0          0          0        136   Library Totals
         0          0          0          0          0          0   (incl. Padding)

    ----------------------------------------------------------------------

      Code (inc. data)   RO Data    RW Data    ZI Data      Debug   Library Name

       122         16          0          0          0        136   mc_w.l

    ----------------------------------------------------------------------
       122         16          0          0          0        136   Library Totals

    ----------------------------------------------------------------------

==============================================================================


      Code (inc. data)   RO Data    RW Data    ZI Data      Debug   

     12096        786        484        144       2912     488460   Grand Totals
     12096        786        484        144       2912     488460   ELF Image Totals
     12096        786        484        144          0          0   ROM Totals

==============================================================================

    Total RO  Size (Code + RO Data)                12580 (  12.29kB)
    Total RW  Size (RW Data + ZI Data)              3056 (   2.98kB)
    Total ROM Size (Code + RO Data + RW Data)      12724 (  12.43kB)

==============================================================================

